Component: ARM Compiler 5.06 update 7 (build 960) Tool: armlink [4d3601]

==============================================================================

Section Cross References

    system_msp432p401r.o(i.SystemCoreClockUpdate) refers to system_msp432p401r.o(.data) for .data
    startup_msp432p401r_uvision.o(STACK) refers (Special) to heapauxi.o(.text) for __use_two_region_memory
    startup_msp432p401r_uvision.o(HEAP) refers (Special) to heapauxi.o(.text) for __use_two_region_memory
    startup_msp432p401r_uvision.o(RESET) refers (Special) to heapauxi.o(.text) for __use_two_region_memory
    startup_msp432p401r_uvision.o(RESET) refers to startup_msp432p401r_uvision.o(STACK) for __initial_sp
    startup_msp432p401r_uvision.o(RESET) refers to startup_msp432p401r_uvision.o(.text) for Reset_Handler
    startup_msp432p401r_uvision.o(RESET) refers to tima.o(i.TA0_0_IRQHandler) for TA0_0_IRQHandler
    startup_msp432p401r_uvision.o(RESET) refers to tima.o(i.TA2_N_IRQHandler) for TA2_N_IRQHandler
    startup_msp432p401r_uvision.o(RESET) refers to my_usart.o(i.EUSCIA2_IRQHandler) for EUSCIA2_IRQHandler
    startup_msp432p401r_uvision.o(RESET) refers to adc.o(i.ADC14_IRQHandler) for ADC14_IRQHandler
    startup_msp432p401r_uvision.o(RESET) refers to tim32.o(i.T32_INT1_IRQHandler) for T32_INT1_IRQHandler
    startup_msp432p401r_uvision.o(RESET) refers to tim32.o(i.T32_INT2_IRQHandler) for T32_INT2_IRQHandler
    startup_msp432p401r_uvision.o(RESET) refers to key.o(i.PORT1_IRQHandler) for PORT1_IRQHandler
    startup_msp432p401r_uvision.o(.text) refers (Special) to heapauxi.o(.text) for __use_two_region_memory
    startup_msp432p401r_uvision.o(.text) refers to system_msp432p401r.o(i.SystemInit) for SystemInit
    startup_msp432p401r_uvision.o(.text) refers to __main.o(!!!main) for __main
    startup_msp432p401r_uvision.o(.text) refers to startup_msp432p401r_uvision.o(HEAP) for Heap_Mem
    startup_msp432p401r_uvision.o(.text) refers to startup_msp432p401r_uvision.o(STACK) for Stack_Mem
    main.o(i.main) refers to sysinit.o(i.SysInit) for SysInit
    main.o(i.main) refers to led.o(i.LED_Init) for LED_Init
    main.o(i.main) refers to led.o(i.Fre_channel3) for Fre_channel3
    main.o(i.main) refers to usart.o(i.uart_init) for uart_init
    main.o(i.main) refers to delay.o(i.delay_init) for delay_init
    main.o(i.main) refers to key.o(i.KEY_Init) for KEY_Init
    main.o(i.main) refers to my_usart.o(i.usart2_init) for usart2_init
    main.o(i.main) refers to key4x4.o(i.KEY4x4_Init) for KEY4x4_Init
    main.o(i.main) refers to tpl0401a.o(i.TQL0401A_Init) for TQL0401A_Init
    main.o(i.main) refers to oled_basic.o(i.InitGraph) for InitGraph
    main.o(i.main) refers to delay.o(i.delay_ms) for delay_ms
    main.o(i.main) refers to oled_basic.o(i.ClearScreen) for ClearScreen
    main.o(i.main) refers to adc.o(i.adc_init1) for adc_init1
    main.o(i.main) refers to __2printf.o(.text) for __2printf
    main.o(i.main) refers to tpl0401a.o(i.TQL0401A_OUT) for TQL0401A_OUT
    main.o(i.main) refers to key4x4.o(i.KEY4x4_Scan) for KEY4x4_Scan
    main.o(i.main) refers to oled_draw.o(i.DrawString) for DrawString
    main.o(i.main) refers to led.o(i.channelx) for channelx
    main.o(i.main) refers to oled_basic.o(i.UpdateScreen) for UpdateScreen
    main.o(i.main) refers to led.o(i.channely) for channely
    main.o(i.main) refers to led.o(i.Fre_channel0) for Fre_channel0
    main.o(i.main) refers to led.o(i.two_Fre) for two_Fre
    main.o(i.main) refers to led.o(i.Fre_channel1) for Fre_channel1
    main.o(i.main) refers to led.o(i.three_Fre) for three_Fre
    main.o(i.main) refers to led.o(i.Fre_channel2) for Fre_channel2
    main.o(i.main) refers to led.o(i.four_Fre) for four_Fre
    main.o(i.main) refers to led.o(i.five_Fre) for five_Fre
    main.o(i.main) refers to oled_color.o(i.GetDrawColor) for GetDrawColor
    main.o(i.main) refers to oled_buffer.o(i.SetPointBuffer) for SetPointBuffer
    main.o(i.main) refers to main.o(.data) for .data
    main.o(i.main) refers to main.o(.bss) for .bss
    main.o(i.xt1) refers to dmul.o(x$fpl$dmul) for __aeabi_dmul
    main.o(i.xt1) refers to ddiv.o(x$fpl$ddiv) for __aeabi_ddiv
    main.o(i.xt1) refers to daddsub_clz.o(x$fpl$dadd) for __aeabi_dadd
    main.o(i.xt1) refers to sin.o(i.__hardfp_sin) for __hardfp_sin
    main.o(i.yt1) refers to dflt_clz.o(x$fpl$dfltu) for __aeabi_ui2d
    main.o(i.yt1) refers to dmul.o(x$fpl$dmul) for __aeabi_dmul
    main.o(i.yt1) refers to ddiv.o(x$fpl$ddiv) for __aeabi_ddiv
    main.o(i.yt1) refers to sin.o(i.__hardfp_sin) for __hardfp_sin
    main.o(i.yt1) refers to main.o(.data) for .data
    led.o(i.Fre_channel0) refers to gpio.o(i.GPIO_setOutputLowOnPin) for GPIO_setOutputLowOnPin
    led.o(i.Fre_channel1) refers to gpio.o(i.GPIO_setOutputHighOnPin) for GPIO_setOutputHighOnPin
    led.o(i.Fre_channel1) refers to gpio.o(i.GPIO_setOutputLowOnPin) for GPIO_setOutputLowOnPin
[...]
    ../clib/signal.s                         0x00000000   Number         0  defsig.o ABSOLUTE
    ../clib/stdio.c                          0x00000000   Number         0  ferror.o ABSOLUTE
    ../clib/stdio.c                          0x00000000   Number         0  ferror_locked.o ABSOLUTE
    ../clib/stdlib.c                         0x00000000   Number         0  exit.o ABSOLUTE
    ../clib/string.c                         0x00000000   Number         0  strlen.o ABSOLUTE
    ../fplib/basic.s                         0x00000000   Number         0  basic.o ABSOLUTE
    ../fplib/daddsub.s                       0x00000000   Number         0  daddsub_clz.o ABSOLUTE
    ../fplib/dcmpi.s                         0x00000000   Number         0  dcmpi.o ABSOLUTE
    ../fplib/ddiv.s                          0x00000000   Number         0  ddiv.o ABSOLUTE
    ../fplib/deqf.s                          0x00000000   Number         0  deqf.o ABSOLUTE
    ../fplib/dfix.s                          0x00000000   Number         0  dfix.o ABSOLUTE
    ../fplib/dflt.s                          0x00000000   Number         0  dflt_clz.o ABSOLUTE
    ../fplib/dmul.s                          0x00000000   Number         0  dmul.o ABSOLUTE
    ../fplib/dnaninf.s                       0x00000000   Number         0  dnaninf.o ABSOLUTE
    ../fplib/dretinf.s                       0x00000000   Number         0  dretinf.o ABSOLUTE
    ../fplib/f2d.s                           0x00000000   Number         0  f2d.o ABSOLUTE
    ../fplib/fnaninf.s                       0x00000000   Number         0  fnaninf.o ABSOLUTE
    ../fplib/fpinit.s                        0x00000000   Number         0  fpinit.o ABSOLUTE
    ../fplib/istatus.s                       0x00000000   Number         0  istatus.o ABSOLUTE
    ../fplib/printf1.s                       0x00000000   Number         0  printf1.o ABSOLUTE
    ../fplib/printf2.s                       0x00000000   Number         0  printf2.o ABSOLUTE
    ../fplib/printf2a.s                      0x00000000   Number         0  printf2a.o ABSOLUTE
    ../fplib/printf2b.s                      0x00000000   Number         0  printf2b.o ABSOLUTE
    ../fplib/usenofp.s                       0x00000000   Number         0  usenofp.o ABSOLUTE
    ../mathlib/atan.c                        0x00000000   Number         0  atan_x.o ABSOLUTE
    ../mathlib/atan.c                        0x00000000   Number         0  atan.o ABSOLUTE
    ../mathlib/atan2.c                       0x00000000   Number         0  atan2.o ABSOLUTE
    ../mathlib/atan2.c                       0x00000000   Number         0  atan2_x.o ABSOLUTE
    ../mathlib/cos.c                         0x00000000   Number         0  cos_x.o ABSOLUTE
    ../mathlib/cos.c                         0x00000000   Number         0  cos.o ABSOLUTE
    ../mathlib/cos_i.c                       0x00000000   Number         0  cos_i.o ABSOLUTE
    ../mathlib/dunder.c                      0x00000000   Number         0  dunder.o ABSOLUTE
    ../mathlib/fabs.c                        0x00000000   Number         0  fabs.o ABSOLUTE
    ../mathlib/fpclassify.c                  0x00000000   Number         0  fpclassify.o ABSOLUTE
    ../mathlib/poly.c                        0x00000000   Number         0  poly.o ABSOLUTE
    ../mathlib/qnan.c                        0x00000000   Number         0  qnan.o ABSOLUTE
    ../mathlib/rred.c                        0x00000000   Number         0  rred.o ABSOLUTE
    ../mathlib/sin.c                         0x00000000   Number         0  sin_x.o ABSOLUTE
    ../mathlib/sin.c                         0x00000000   Number         0  sin.o ABSOLUTE
    ../mathlib/sin_i.c                       0x00000000   Number         0  sin_i.o ABSOLUTE
    ../mathlib/sin_i.c                       0x00000000   Number         0  sin_i_x.o ABSOLUTE
    ..\..\hardware\TPL0401A\myiic.c          0x00000000   Number         0  myiic.o ABSOLUTE
    ..\..\hardware\TPL0401A\tpl0401a.c       0x00000000   Number         0  tpl0401a.o ABSOLUTE
    ..\..\hardware\adc.c                     0x00000000   Number         0  adc.o ABSOLUTE
    ..\..\hardware\key.c                     0x00000000   Number         0  key.o ABSOLUTE
    ..\..\hardware\key4x4.c                  0x00000000   Number         0  key4x4.o ABSOLUTE
    ..\..\hardware\led.c                     0x00000000   Number         0  led.o ABSOLUTE
    ..\..\hardware\my_usart.c                0x00000000   Number         0  my_usart.o ABSOLUTE
    ..\..\hardware\oledlib\oled_basic.c      0x00000000   Number         0  oled_basic.o ABSOLUTE
    ..\..\hardware\oledlib\oled_bmp.c        0x00000000   Number         0  oled_bmp.o ABSOLUTE
    ..\..\hardware\oledlib\oled_buffer.c     0x00000000   Number         0  oled_buffer.o ABSOLUTE
    ..\..\hardware\oledlib\oled_color.c      0x00000000   Number         0  oled_color.o ABSOLUTE
    ..\..\hardware\oledlib\oled_config.c     0x00000000   Number         0  oled_config.o ABSOLUTE
    ..\..\hardware\oledlib\oled_debug.c      0x00000000   Number         0  oled_debug.o ABSOLUTE
    ..\..\hardware\oledlib\oled_draw.c       0x00000000   Number         0  oled_draw.o ABSOLUTE
    ..\..\hardware\oledlib\oled_driver.c     0x00000000   Number         0  oled_driver.o ABSOLUTE
    ..\..\hardware\oledlib\oled_font.c       0x00000000   Number         0  oled_font.o ABSOLUTE
    ..\..\hardware\tim32.c                   0x00000000   Number         0  tim32.o ABSOLUTE
    ..\..\hardware\timA.c                    0x00000000   Number         0  tima.o ABSOLUTE
    ..\..\hardware\x9c104s.c                 0x00000000   Number         0  x9c104s.o ABSOLUTE
    ..\..\main.c                             0x00000000   Number         0  main.o ABSOLUTE
    ..\..\sys\baudrate_calculate.c           0x00000000   Number         0  baudrate_calculate.o ABSOLUTE
    ..\..\sys\delay.c                        0x00000000   Number         0  delay.o ABSOLUTE
    ..\..\sys\sysinit.c                      0x00000000   Number         0  sysinit.o ABSOLUTE
    ..\..\sys\usart.c                        0x00000000   Number         0  usart.o ABSOLUTE
    ..\..\system_msp432p401r.c               0x00000000   Number         0  system_msp432p401r.o ABSOLUTE
    ..\\..\\hardware\\TPL0401A\\myiic.c      0x00000000   Number         0  myiic.o ABSOLUTE
    ..\\..\\hardware\\TPL0401A\\tpl0401a.c   0x00000000   Number         0  tpl0401a.o ABSOLUTE
    ..\\..\\hardware\\adc.c                  0x00000000   Number         0  adc.o ABSOLUTE
    ..\\..\\hardware\\key.c                  0x00000000   Number         0  key.o ABSOLUTE
    ..\\..\\hardware\\key4x4.c               0x00000000   Number         0  key4x4.o ABSOLUTE
    ..\\..\\hardware\\led.c                  0x00000000   Number         0  led.o ABSOLUTE
    ..\\..\\hardware\\my_usart.c             0x00000000   Number         0  my_usart.o ABSOLUTE
    ..\\..\\hardware\\oledlib\\oled_config.c 0x00000000   Number         0  oled_config.o ABSOLUTE
    ..\\..\\hardware\\oledlib\\oled_driver.c 0x00000000   Number         0  oled_driver.o ABSOLUTE
    ..\\..\\hardware\\tim32.c                0x00000000   Number         0  tim32.o ABSOLUTE
    ..\\..\\hardware\\timA.c                 0x00000000   Number         0  tima.o ABSOLUTE
    ..\\..\\hardware\\x9c104s.c              0x00000000   Number         0  x9c104s.o ABSOLUTE
    ..\\..\\main.c                           0x00000000   Number         0  main.o ABSOLUTE
    ..\\..\\sys\\baudrate_calculate.c        0x00000000   Number         0  baudrate_calculate.o ABSOLUTE
    ..\\..\\sys\\delay.c                     0x00000000   Number         0  delay.o ABSOLUTE
    ..\\..\\sys\\sysinit.c                   0x00000000   Number         0  sysinit.o ABSOLUTE
    ..\\..\\sys\\usart.c                     0x00000000   Number         0  usart.o ABSOLUTE
    ..\\..\\system_msp432p401r.c             0x00000000   Number         0  system_msp432p401r.o ABSOLUTE
    dc.s                                     0x00000000   Number         0  dc.o ABSOLUTE
    source/ti/devices/msp432p4xx/driverlib/adc14.c 0x00000000   Number         0  adc14.o ABSOLUTE
    source/ti/devices/msp432p4xx/driverlib/adc14.c 0x00000000   Number         0  adc14.o ABSOLUTE
    source/ti/devices/msp432p4xx/driverlib/cpu.c 0x00000000   Number         0  cpu.o ABSOLUTE
    source/ti/devices/msp432p4xx/driverlib/cpu.c 0x00000000   Number         0  cpu.o ABSOLUTE
    source/ti/devices/msp432p4xx/driverlib/cs.c 0x00000000   Number         0  cs.o ABSOLUTE
    source/ti/devices/msp432p4xx/driverlib/cs.c 0x00000000   Number         0  cs.o ABSOLUTE
    source/ti/devices/msp432p4xx/driverlib/gpio.c 0x00000000   Number         0  gpio.o ABSOLUTE
    source/ti/devices/msp432p4xx/driverlib/gpio.c 0x00000000   Number         0  gpio.o ABSOLUTE
    source/ti/devices/msp432p4xx/driverlib/interrupt.c 0x00000000   Number         0  interrupt.o ABSOLUTE
    source/ti/devices/msp432p4xx/driverlib/interrupt.c 0x00000000   Number         0  interrupt.o ABSOLUTE
    source/ti/devices/msp432p4xx/driverlib/sysctl_a.c 0x00000000   Number         0  sysctl_a.o ABSOLUTE
    source/ti/devices/msp432p4xx/driverlib/sysctl_a.c 0x00000000   Number         0  sysctl_a.o ABSOLUTE
    source/ti/devices/msp432p4xx/driverlib/timer_a.c 0x00000000   Number         0  timer_a.o ABSOLUTE
    source/ti/devices/msp432p4xx/driverlib/timer_a.c 0x00000000   Number         0  timer_a.o ABSOLUTE
    source/ti/devices/msp432p4xx/driverlib/uart.c 0x00000000   Number         0  uart.o ABSOLUTE
    source/ti/devices/msp432p4xx/driverlib/uart.c 0x00000000   Number         0  uart.o ABSOLUTE
    startup_msp432p401r_uvision.s            0x00000000   Number         0  startup_msp432p401r_uvision.o ABSOLUTE
    !!!main                                  0x00000144   Section        8  __main.o(!!!main)
    !!!scatter                               0x0000014c   Section       52  __scatter.o(!!!scatter)
    !!handler_copy                           0x00000180   Section       26  __scatter_copy.o(!!handler_copy)
    !!handler_zi                             0x0000019c   Section       28  __scatter_zi.o(!!handler_zi)
    .ARM.Collect$$_printf_percent$$00000000  0x000001b8   Section        0  _printf_percent.o(.ARM.Collect$$_printf_percent$$00000000)
    .ARM.Collect$$_printf_percent$$00000017  0x000001b8   Section        4  _printf_percent_end.o(.ARM.Collect$$_printf_percent$$00000017)
    .ARM.Collect$$libinit$$00000000          0x000001bc   Section        2  libinit.o(.ARM.Collect$$libinit$$00000000)
    .ARM.Collect$$libinit$$00000001          0x000001be   Section        4  libinit2.o(.ARM.Collect$$libinit$$00000001)
    .ARM.Collect$$libinit$$00000004          0x000001c2   Section        0  libinit2.o(.ARM.Collect$$libinit$$00000004)
    .ARM.Collect$$libinit$$0000000A          0x000001c2   Section        0  libinit2.o(.ARM.Collect$$libinit$$0000000A)
    .ARM.Collect$$libinit$$0000000C          0x000001c2   Section        0  libinit2.o(.ARM.Collect$$libinit$$0000000C)
    .ARM.Collect$$libinit$$0000000E          0x000001c2   Section        0  libinit2.o(.ARM.Collect$$libinit$$0000000E)
    .ARM.Collect$$libinit$$00000011          0x000001c2   Section        0  libinit2.o(.ARM.Collect$$libinit$$00000011)
    .ARM.Collect$$libinit$$00000013          0x000001c2   Section        0  libinit2.o(.ARM.Collect$$libinit$$00000013)
    .ARM.Collect$$libinit$$00000015          0x000001c2   Section        0  libinit2.o(.ARM.Collect$$libinit$$00000015)
    .ARM.Collect$$libinit$$00000017          0x000001c2   Section        0  libinit2.o(.ARM.Collect$$libinit$$00000017)
    .ARM.Collect$$libinit$$00000019          0x000001c2   Section        0  libinit2.o(.ARM.Collect$$libinit$$00000019)
    .ARM.Collect$$libinit$$0000001B          0x000001c2   Section        0  libinit2.o(.ARM.Collect$$libinit$$0000001B)
    .ARM.Collect$$libinit$$0000001D          0x000001c2   Section        0  libinit2.o(.ARM.Collect$$libinit$$0000001D)
    .ARM.Collect$$libinit$$0000001F          0x000001c2   Section        0  libinit2.o(.ARM.Collect$$libinit$$0000001F)
    .ARM.Collect$$libinit$$00000021          0x000001c2   Section        0  libinit2.o(.ARM.Collect$$libinit$$00000021)
    .ARM.Collect$$libinit$$00000023          0x000001c2   Section        0  libinit2.o(.ARM.Collect$$libinit$$00000023)
    .ARM.Collect$$libinit$$00000025          0x000001c2   Section        0  libinit2.o(.ARM.Collect$$libinit$$00000025)
    .ARM.Collect$$libinit$$0000002C          0x000001c2   Section        0  libinit2.o(.ARM.Collect$$libinit$$0000002C)
    .ARM.Collect$$libinit$$0000002E          0x000001c2   Section        0  libinit2.o(.ARM.Collect$$libinit$$0000002E)
    .ARM.Collect$$libinit$$00000030          0x000001c2   Section        0  libinit2.o(.ARM.Collect$$libinit$$00000030)
    .ARM.Collect$$libinit$$00000032          0x000001c2   Section        0  libinit2.o(.ARM.Collect$$libinit$$00000032)
    .ARM.Collect$$libinit$$00000033          0x000001c2   Section        2  libinit2.o(.ARM.Collect$$libinit$$00000033)
    .ARM.Collect$$libshutdown$$00000000      0x000001c4   Section        2  libshutdown.o(.ARM.Collect$$libshutdown$$00000000)
    .ARM.Collect$$libshutdown$$00000002      0x000001c6   Section        0  libshutdown2.o(.ARM.Collect$$libshutdown$$00000002)
    .ARM.Collect$$libshutdown$$00000004      0x000001c6   Section        0  libshutdown2.o(.ARM.Collect$$libshutdown$$00000004)
    .ARM.Collect$$libshutdown$$00000006      0x000001c6   Section        0  libshutdown2.o(.ARM.Collect$$libshutdown$$00000006)
    .ARM.Collect$$libshutdown$$00000009      0x000001c6   Section        0  libshutdown2.o(.ARM.Collect$$libshutdown$$00000009)
    .ARM.Collect$$libshutdown$$0000000C      0x000001c6   Section        0  libshutdown2.o(.ARM.Collect$$libshutdown$$0000000C)
    .ARM.Collect$$libshutdown$$0000000E      0x000001c6   Section        0  libshutdown2.o(.ARM.Collect$$libshutdown$$0000000E)
    .ARM.Collect$$libshutdown$$00000011      0x000001c6   Section        0  libshutdown2.o(.ARM.Collect$$libshutdown$$00000011)
    .ARM.Collect$$libshutdown$$00000012      0x000001c6   Section        2  libshutdown2.o(.ARM.Collect$$libshutdown$$00000012)
    .ARM.Collect$$rtentry$$00000000          0x000001c8   Section        0  __rtentry.o(.ARM.Collect$$rtentry$$00000000)
    .ARM.Collect$$rtentry$$00000002          0x000001c8   Section        0  __rtentry2.o(.ARM.Collect$$rtentry$$00000002)
    .ARM.Collect$$rtentry$$00000004          0x000001c8   Section        6  __rtentry4.o(.ARM.Collect$$rtentry$$00000004)
    .ARM.Collect$$rtentry$$00000009          0x000001ce   Section        0  __rtentry2.o(.ARM.Collect$$rtentry$$00000009)
    .ARM.Collect$$rtentry$$0000000A          0x000001ce   Section        4  __rtentry2.o(.ARM.Collect$$rtentry$$0000000A)
    .ARM.Collect$$rtentry$$0000000C          0x000001d2   Section        0  __rtentry2.o(.ARM.Collect$$rtentry$$0000000C)
    .ARM.Collect$$rtentry$$0000000D          0x000001d2   Section        8  __rtentry2.o(.ARM.Collect$$rtentry$$0000000D)
    .ARM.Collect$$rtexit$$00000000           0x000001da   Section        2  rtexit.o(.ARM.Collect$$rtexit$$00000000)
    .ARM.Collect$$rtexit$$00000002           0x000001dc   Section        0  rtexit2.o(.ARM.Collect$$rtexit$$00000002)
    .ARM.Collect$$rtexit$$00000003           0x000001dc   Section        4  rtexit2.o(.ARM.Collect$$rtexit$$00000003)
    .ARM.Collect$$rtexit$$00000004           0x000001e0   Section        6  rtexit2.o(.ARM.Collect$$rtexit$$00000004)
    .emb_text                                0x000001e8   Section       38  cpu.o(.emb_text)
    $v0                                      0x000001e8   Number         0  cpu.o(.emb_text)
    .text                                    0x00000210   Section       60  startup_msp432p401r_uvision.o(.text)
    $v0                                      0x00000210   Number         0  startup_msp432p401r_uvision.o(.text)
    .text                                    0x0000024c   Section        2  use_no_semi_2.o(.text)
    .text                                    0x00000250   Section        0  __2printf.o(.text)
    .text                                    0x00000268   Section      100  rt_memcpy_w.o(.text)
    .text                                    0x000002cc   Section       16  aeabi_memset.o(.text)
    .text                                    0x000002dc   Section       68  rt_memclr.o(.text)
    .text                                    0x00000320   Section        0  heapauxi.o(.text)
    .text                                    0x00000326   Section        2  use_no_semi.o(.text)
    .text                                    0x00000328   Section        0  _printf_char_common.o(.text)
    _printf_input_char                       0x00000329   Thumb Code    10  _printf_char_common.o(.text)
    .text                                    0x00000358   Section        0  _printf_char_file.o(.text)
    .text                                    0x0000037c   Section        0  __printf_flags_ss_wp.o(.text)
    .text                                    0x00000504   Section       78  rt_memclr_w.o(.text)
    .text                                    0x00000552   Section        0  ferror.o(.text)
    .text                                    0x0000055c   Section        8  libspace.o(.text)
    .text                                    0x00000564   Section       74  sys_stackheap_outer.o(.text)
    .text                                    0x000005ae   Section        0  exit.o(.text)
    i.ADC14_IRQHandler                       0x000005c0   Section        0  adc.o(i.ADC14_IRQHandler)
    i.ADC14_configureConversionMemory        0x00000624   Section        0  adc14.o(i.ADC14_configureConversionMemory)
    i.ADC14_configureMultiSequenceMode       0x00000688   Section        0  adc14.o(i.ADC14_configureMultiSequenceMode)
    i.ADC14_getMultiSequenceResult           0x00000704   Section        0  adc14.o(i.ADC14_getMultiSequenceResult)
    i.ADCIsConversionRunning                 0x00000730   Section        0  adc14.o(i.ADCIsConversionRunning)
    ADCIsConversionRunning                   0x00000731   Thumb Code    14  adc14.o(i.ADCIsConversionRunning)
    i.CS_clearInterruptFlag                  0x00000744   Section        0  cs.o(i.CS_clearInterruptFlag)
    i.CS_getACLK                             0x00000768   Section        0  cs.o(i.CS_getACLK)
    i.CS_getDCOFrequency                     0x00000780   Section        0  cs.o(i.CS_getDCOFrequency)
    i.CS_getMCLK                             0x0000088c   Section        0  cs.o(i.CS_getMCLK)
    i.CS_getSMCLK                            0x000008a4   Section        0  cs.o(i.CS_getSMCLK)
    i.CS_setExternalClockSourceFrequency     0x000008bc   Section        0  cs.o(i.CS_setExternalClockSourceFrequency)
    i.CS_startHFXT                           0x000008c8   Section        0  cs.o(i.CS_startHFXT)
    i.CS_startHFXTWithTimeout                0x000008d0   Section        0  cs.o(i.CS_startHFXTWithTimeout)
    i.CS_startLFXT                           0x00000970   Section        0  cs.o(i.CS_startLFXT)
    i.CS_startLFXTWithTimeout                0x00000978   Section        0  cs.o(i.CS_startLFXTWithTimeout)
    i.ClearScreen                            0x00000a18   Section        0  oled_basic.o(i.ClearScreen)
    i.ClearScreenBuffer                      0x00000a20   Section        0  oled_buffer.o(i.ClearScreenBuffer)
    i.DrawChar                               0x00000a30   Section        0  oled_draw.o(i.DrawChar)
    i.DrawString                             0x00000b00   Section        0  oled_draw.o(i.DrawString)
    i.DriverInit                             0x00000b48   Section        0  oled_config.o(i.DriverInit)
    i.EUSCIA2_IRQHandler                     0x00000b58   Section        0  my_usart.o(i.EUSCIA2_IRQHandler)
    i.Fre_channel0                           0x00000bc4   Section        0  led.o(i.Fre_channel0)
    i.Fre_channel1                           0x00000bda   Section        0  led.o(i.Fre_channel1)
    i.Fre_channel2                           0x00000bf0   Section        0  led.o(i.Fre_channel2)
    i.Fre_channel3                           0x00000c06   Section        0  led.o(i.Fre_channel3)
    i.GPIO_getInputPinValue                  0x00000c1c   Section        0  gpio.o(i.GPIO_getInputPinValue)
    i.GPIO_interruptEdgeSelect               0x00000c30   Section        0  gpio.o(i.GPIO_interruptEdgeSelect)
    i.GPIO_setAsInputPin                     0x00000c4c   Section        0  gpio.o(i.GPIO_setAsInputPin)
    i.GPIO_setAsOutputPin                    0x00000c70   Section        0  gpio.o(i.GPIO_setAsOutputPin)
    i.GPIO_setOutputHighOnPin                0x00000c90   Section        0  gpio.o(i.GPIO_setOutputHighOnPin)
    i.GPIO_setOutputLowOnPin                 0x00000ca4   Section        0  gpio.o(i.GPIO_setOutputLowOnPin)
    i.GetDrawColor                           0x00000cb8   Section        0  oled_color.o(i.GetDrawColor)
    i.GetFontSize                            0x00000cc4   Section        0  oled_font.o(i.GetFontSize)
    i.GetTextBkMode                          0x00000cd0   Section        0  oled_font.o(i.GetTextBkMode)
    i.I2C_SW_Configuration                   0x00000cdc   Section        0  oled_driver.o(i.I2C_SW_Configuration)
    i.I2C_Start                              0x00000cf8   Section        0  oled_driver.o(i.I2C_Start)
    i.I2C_Stop                               0x00000d10   Section        0  oled_driver.o(i.I2C_Stop)
    i.I2C_WaitAck                            0x00000d24   Section        0  oled_driver.o(i.I2C_WaitAck)
    i.IIC_Init                               0x00000d38   Section        0  myiic.o(i.IIC_Init)
    i.IIC_Send_Byte                          0x00000d5e   Section        0  myiic.o(i.IIC_Send_Byte)
    i.IIC_Start                              0x00000dba   Section        0  myiic.o(i.IIC_Start)
    i.IIC_Stop                               0x00000df4   Section        0  myiic.o(i.IIC_Stop)
    i.IIC_Wait_Ack                           0x00000e2e   Section        0  myiic.o(i.IIC_Wait_Ack)
    i.InitGraph                              0x00000e80   Section        0  oled_basic.o(i.InitGraph)
    i.Interrupt_enableMaster                 0x00000e84   Section        0  interrupt.o(i.Interrupt_enableMaster)
    i.Interrupt_setPriority                  0x00000e94   Section        0  interrupt.o(i.Interrupt_setPriority)
    i.KEY4x4_Init                            0x00000eb8   Section        0  key4x4.o(i.KEY4x4_Init)
    i.KEY4x4_Scan                            0x00000ee4   Section        0  key4x4.o(i.KEY4x4_Scan)
    i.KEY_Init                               0x00000f94   Section        0  key.o(i.KEY_Init)
    i.LED_Init                               0x00001014   Section        0  led.o(i.LED_Init)
    i.OLED_CLS                               0x0000104a   Section        0  oled_driver.o(i.OLED_CLS)
    i.OLED_FILL                              0x0000107e   Section        0  oled_driver.o(i.OLED_FILL)
    i.OLED_Init                              0x000010d6   Section        0  oled_driver.o(i.OLED_Init)
    i.PORT1_IRQHandler                       0x00001188   Section        0  key.o(i.PORT1_IRQHandler)
    i.Send_Byte                              0x000011d0   Section        0  oled_driver.o(i.Send_Byte)
    i.SetPointBuffer                         0x00001208   Section        0  oled_buffer.o(i.SetPointBuffer)
    i.SysCtl_A_disableNMISource              0x00001258   Section        0  sysctl_a.o(i.SysCtl_A_disableNMISource)
    i.SysCtl_A_enableNMISource               0x00001268   Section        0  sysctl_a.o(i.SysCtl_A_enableNMISource)
    i.SysCtl_A_getNMISourceStatus            0x00001278   Section        0  sysctl_a.o(i.SysCtl_A_getNMISourceStatus)
    i.SysCtl_A_getTLVInfo                    0x00001288   Section        0  sysctl_a.o(i.SysCtl_A_getTLVInfo)
    i.SysInit                                0x000012d0   Section        0  sysinit.o(i.SysInit)
    i.SystemInit                             0x0000135c   Section        0  system_msp432p401r.o(i.SystemInit)
    i.T32_INT1_IRQHandler                    0x000013bc   Section        0  tim32.o(i.T32_INT1_IRQHandler)
    i.T32_INT2_IRQHandler                    0x000013d0   Section        0  tim32.o(i.T32_INT2_IRQHandler)
    i.TA0_0_IRQHandler                       0x000013e4   Section        0  tima.o(i.TA0_0_IRQHandler)
    i.TA2_N_IRQHandler                       0x00001408   Section        0  tima.o(i.TA2_N_IRQHandler)
    i.TQL0401A_Init                          0x000014b8   Section        0  tpl0401a.o(i.TQL0401A_Init)
    i.TQL0401A_OUT                           0x000014bc   Section        0  tpl0401a.o(i.TQL0401A_OUT)
    i.TQL0401A_WriteOneByte                  0x00001518   Section        0  tpl0401a.o(i.TQL0401A_WriteOneByte)
    i.Timer_A_getCaptureCompareCount         0x0000154e   Section        0  timer_a.o(i.Timer_A_getCaptureCompareCount)
    i.UART_getEnabledInterruptStatus         0x0000155e   Section        0  uart.o(i.UART_getEnabledInterruptStatus)
    i.UART_initModule                        0x00001584   Section        0  uart.o(i.UART_initModule)
    i.UART_receiveData                       0x00001616   Section        0  uart.o(i.UART_receiveData)
    i.UART_transmitData                      0x0000162e   Section        0  uart.o(i.UART_transmitData)
    i.UpdateScreen                           0x00001644   Section        0  oled_basic.o(i.UpdateScreen)
    i.UpdateScreenBuffer                     0x00001648   Section        0  oled_config.o(i.UpdateScreenBuffer)
    i.UpdateScreenDisplay                    0x00001654   Section        0  oled_buffer.o(i.UpdateScreenDisplay)
    i.WriteCmd                               0x00001658   Section        0  oled_driver.o(i.WriteCmd)
    i.WriteDat                               0x00001686   Section        0  oled_driver.o(i.WriteDat)
    i._CSComputeCLKFrequency                 0x000016b4   Section        0  cs.o(i._CSComputeCLKFrequency)
    _CSComputeCLKFrequency                   0x000016b5   Thumb Code   176  cs.o(i._CSComputeCLKFrequency)
    i._CSGetHFXTFrequency                    0x00001774   Section        0  cs.o(i._CSGetHFXTFrequency)
    _CSGetHFXTFrequency                      0x00001775   Thumb Code   106  cs.o(i._CSGetHFXTFrequency)
    i._getIndexForMemRegister                0x0000180c   Section        0  adc14.o(i._getIndexForMemRegister)
    _getIndexForMemRegister                  0x0000180d   Thumb Code   342  adc14.o(i._getIndexForMemRegister)
    i._is_digit                              0x00001962   Section        0  __printf_wp.o(i._is_digit)
    i._sys_exit                              0x00001970   Section        0  usart.o(i._sys_exit)
    i.adc_init1                              0x00001974   Section        0  adc.o(i.adc_init1)
    i.bitPosition                            0x00001a20   Section        0  baudrate_calculate.o(i.bitPosition)
    i.channelx                               0x00001a30   Section        0  led.o(i.channelx)
    i.channely                               0x00001a38   Section        0  led.o(i.channely)
    i.delay_init                             0x00001a40   Section        0  delay.o(i.delay_init)
    i.delay_ms                               0x00001a68   Section        0  delay.o(i.delay_ms)
    i.delay_us                               0x00001a80   Section        0  delay.o(i.delay_us)
    i.eusci_calcBaudDividers                 0x00001ab4   Section        0  baudrate_calculate.o(i.eusci_calcBaudDividers)
    i.five_Fre                               0x00001be0   Section        0  led.o(i.five_Fre)
    i.four_Fre                               0x00001bf6   Section        0  led.o(i.four_Fre)
    i.fputc                                  0x00001c0c   Section        0  usart.o(i.fputc)
    i.key_delay                              0x00001c20   Section        0  key.o(i.key_delay)
    key_delay                                0x00001c21   Thumb Code    42  key.o(i.key_delay)
    i.main                                   0x00001c4c   Section        0  main.o(i.main)
    i.pgm_read_byte                          0x000020fc   Section        0  oled_basic.o(i.pgm_read_byte)
    i.three_Fre                              0x00002100   Section        0  led.o(i.three_Fre)
    i.two_Fre                                0x00002116   Section        0  led.o(i.two_Fre)
    i.uart_init                              0x0000212c   Section        0  usart.o(i.uart_init)
    i.usart2_init                            0x00002178   Section        0  my_usart.o(i.usart2_init)
    x$fpl$fpinit                             0x000021c4   Section       10  fpinit.o(x$fpl$fpinit)
    $v0                                      0x000021c4   Number         0  fpinit.o(x$fpl$fpinit)
    .constdata                               0x000021d0   Section       40  my_usart.o(.constdata)
    .constdata                               0x000021f8   Section       40  usart.o(.constdata)
    .constdata                               0x00002220   Section     1280  oled_font.o(.constdata)
    .constdata                               0x00002720   Section      128  adc14.o(.constdata)
    _ctlRegs                                 0x00002720   Data         128  adc14.o(.constdata)
    .constdata                               0x000027a0   Section       76  gpio.o(.constdata)
    GPIO_PORT_TO_INT                         0x000027a0   Data          28  gpio.o(.constdata)
    GPIO_PORT_TO_BASE                        0x000027bc   Data          48  gpio.o(.constdata)
    .constdata                               0x000027ec   Section      144  interrupt.o(.constdata)
    g_pulEnRegs                              0x000027ec   Data           8  interrupt.o(.constdata)
    g_pulDisRegs                             0x000027f4   Data           8  interrupt.o(.constdata)
    g_pulPendRegs                            0x000027fc   Data           8  interrupt.o(.constdata)
    g_pulUnpendRegs                          0x00002804   Data           8  interrupt.o(.constdata)
    g_pulPriority                            0x0000280c   Data          32  interrupt.o(.constdata)
    g_pulRegs                                0x0000282c   Data          80  interrupt.o(.constdata)
    .constdata                               0x0000287c   Section       17  __printf_flags_ss_wp.o(.constdata)
    maptable                                 0x0000287c   Data          17  __printf_flags_ss_wp.o(.constdata)
    .data                                    0x20000000   Section        2  main.o(.data)
    .data                                    0x20000004   Section       12  main.o(.data)
    .data                                    0x20000010   Section        1  key4x4.o(.data)
    key_up                                   0x20000010   Data           1  key4x4.o(.data)
    .data                                    0x20000012   Section        4  tima.o(.data)
    .data                                    0x20000018   Section       44  adc.o(.data)
    resultsBuffer                            0x20000018   Data           4  adc.o(.data)
    .data                                    0x20000044   Section        2  my_usart.o(.data)
    .data                                    0x20000048   Section        4  usart.o(.data)
    .data                                    0x2000004c   Section        1  delay.o(.data)
    fac_us                                   0x2000004c   Data           1  delay.o(.data)
    .data                                    0x2000004d   Section        1  oled_buffer.o(.data)
    _SelectedBuffer                          0x2000004d   Data           1  oled_buffer.o(.data)
    .data                                    0x2000004e   Section        2  oled_color.o(.data)
    _Draw                                    0x2000004e   Data           1  oled_color.o(.data)
    _fill                                    0x2000004f   Data           1  oled_color.o(.data)
    .data                                    0x20000050   Section        2  oled_font.o(.data)
    _TextBk                                  0x20000050   Data           1  oled_font.o(.data)
    _FontSize                                0x20000051   Data           1  oled_font.o(.data)
    .data                                    0x20000054   Section        8  cs.o(.data)
    hfxtFreq                                 0x20000054   Data           4  cs.o(.data)
    lfxtFreq                                 0x20000058   Data           4  cs.o(.data)
    .bss                                     0x2000005c   Section     2000  main.o(.bss)
    .bss                                     0x2000082c   Section      250  my_usart.o(.bss)
    .bss                                     0x20000926   Section     2048  oled_buffer.o(.bss)
    .bss                                     0x20001128   Section       96  libspace.o(.bss)
    HEAP                                     0x20001188   Section        0  startup_msp432p401r_uvision.o(HEAP)
    STACK                                    0x20001188   Section      512  startup_msp432p401r_uvision.o(STACK)
    Heap_Mem                                 0x20001188   Data           0  startup_msp432p401r_uvision.o(HEAP)
    Stack_Mem                                0x20001188   Data         512  startup_msp432p401r_uvision.o(STACK)
    __initial_sp                             0x20001388   Data           0  startup_msp432p401r_uvision.o(STACK)

    Global Symbols

    Symbol Name                              Value     Ov Type        Size  Object(Section)

    BuildAttributes$$THM_ISAv4$E$P$D$K$B$S$7EM$VFPi3$EXTD16$VFPS$VFMA$PE$A:L22UL41UL21$X:L11$S22US41US21$IEEE1$IW$USESV6$~STKCKD$USESV7$~SHL$OTIME$ROPI$IEEEX$EBA8$UX$STANDARDLIB$REQ8$PRES8$EABIv2 0x00000000   Number         0  anon$$obj.o ABSOLUTE
    __ARM_use_no_argv                        0x00000000   Number         0  main.o ABSOLUTE
    __Vectors                                0x00000000   Data           4  startup_msp432p401r_uvision.o(RESET)
    _printf_flags                            0x00000000   Number         0  printf_stubs.o ABSOLUTE
    _printf_return_value                     0x00000000   Number         0  printf_stubs.o ABSOLUTE
    _printf_sizespec                         0x00000000   Number         0  printf_stubs.o ABSOLUTE
    _printf_widthprec                        0x00000000   Number         0  printf_stubs.o ABSOLUTE
    __ARM_exceptions_init                     - Undefined Weak Reference
    __alloca_initialize                       - Undefined Weak Reference
    __arm_fini_                               - Undefined Weak Reference
    __arm_preinit_                            - Undefined Weak Reference
    __cpp_initialize__aeabi_                  - Undefined Weak Reference
    __cxa_finalize                            - Undefined Weak Reference
    __sigvec_lookup                           - Undefined Weak Reference
    _atexit_init                              - Undefined Weak Reference
    _call_atexit_fns                          - Undefined Weak Reference
    _clock_init                               - Undefined Weak Reference
    _fp_trap_init                             - Undefined Weak Reference
    _fp_trap_shutdown                         - Undefined Weak Reference
    _get_lc_collate                           - Undefined Weak Reference
    _get_lc_monetary                          - Undefined Weak Reference
    _get_lc_time                              - Undefined Weak Reference
    _getenv_init                              - Undefined Weak Reference
    _handle_redirection                       - Undefined Weak Reference
    _init_alloc                               - Undefined Weak Reference
    _init_user_alloc                          - Undefined Weak Reference
    _initio                                   - Undefined Weak Reference
    _mutex_acquire                            - Undefined Weak Reference
    _mutex_release                            - Undefined Weak Reference
    _printf_mbtowc                            - Undefined Weak Reference
    _printf_wc                                - Undefined Weak Reference
    _rand_init                                - Undefined Weak Reference
    _signal_finish                            - Undefined Weak Reference
    _signal_init                              - Undefined Weak Reference
    _terminate_alloc                          - Undefined Weak Reference
    _terminate_user_alloc                     - Undefined Weak Reference
    _terminateio                              - Undefined Weak Reference
    __Vectors_End                            0x00000144   Data           0  startup_msp432p401r_uvision.o(RESET)
    __Vectors_Size                           0x00000144   Number         0  startup_msp432p401r_uvision.o ABSOLUTE
    __main                                   0x00000145   Thumb Code     8  __main.o(!!!main)
    __scatterload                            0x0000014d   Thumb Code     0  __scatter.o(!!!scatter)
    __scatterload_rt2                        0x0000014d   Thumb Code    44  __scatter.o(!!!scatter)
    __scatterload_rt2_thumb_only             0x0000014d   Thumb Code     0  __scatter.o(!!!scatter)
    __scatterload_null                       0x0000015b   Thumb Code     0  __scatter.o(!!!scatter)
    __scatterload_copy                       0x00000181   Thumb Code    26  __scatter_copy.o(!!handler_copy)
    __scatterload_zeroinit                   0x0000019d   Thumb Code    28  __scatter_zi.o(!!handler_zi)
    _printf_percent                          0x000001b9   Thumb Code     0  _printf_percent.o(.ARM.Collect$$_printf_percent$$00000000)
    _printf_percent_end                      0x000001b9   Thumb Code     0  _printf_percent_end.o(.ARM.Collect$$_printf_percent$$00000017)
    __rt_lib_init                            0x000001bd   Thumb Code     0  libinit.o(.ARM.Collect$$libinit$$00000000)
    __rt_lib_init_fp_1                       0x000001bf   Thumb Code     0  libinit2.o(.ARM.Collect$$libinit$$00000001)
    __rt_lib_init_alloca_1                   0x000001c3   Thumb Code     0  libinit2.o(.ARM.Collect$$libinit$$0000002E)
    __rt_lib_init_argv_1                     0x000001c3   Thumb Code     0  libinit2.o(.ARM.Collect$$libinit$$0000002C)
    __rt_lib_init_atexit_1                   0x000001c3   Thumb Code     0  libinit2.o(.ARM.Collect$$libinit$$0000001B)
    __rt_lib_init_clock_1                    0x000001c3   Thumb Code     0  libinit2.o(.ARM.Collect$$libinit$$00000021)
    __rt_lib_init_cpp_1                      0x000001c3   Thumb Code     0  libinit2.o(.ARM.Collect$$libinit$$00000032)
    __rt_lib_init_exceptions_1               0x000001c3   Thumb Code     0  libinit2.o(.ARM.Collect$$libinit$$00000030)
    __rt_lib_init_fp_trap_1                  0x000001c3   Thumb Code     0  libinit2.o(.ARM.Collect$$libinit$$0000001F)
    __rt_lib_init_getenv_1                   0x000001c3   Thumb Code     0  libinit2.o(.ARM.Collect$$libinit$$00000023)
    __rt_lib_init_heap_1                     0x000001c3   Thumb Code     0  libinit2.o(.ARM.Collect$$libinit$$0000000A)
    __rt_lib_init_lc_collate_1               0x000001c3   Thumb Code     0  libinit2.o(.ARM.Collect$$libinit$$00000011)
    __rt_lib_init_lc_ctype_1                 0x000001c3   Thumb Code     0  libinit2.o(.ARM.Collect$$libinit$$00000013)
    __rt_lib_init_lc_monetary_1              0x000001c3   Thumb Code     0  libinit2.o(.ARM.Collect$$libinit$$00000015)
    __rt_lib_init_lc_numeric_1               0x000001c3   Thumb Code     0  libinit2.o(.ARM.Collect$$libinit$$00000017)
    __rt_lib_init_lc_time_1                  0x000001c3   Thumb Code     0  libinit2.o(.ARM.Collect$$libinit$$00000019)
    __rt_lib_init_preinit_1                  0x000001c3   Thumb Code     0  libinit2.o(.ARM.Collect$$libinit$$00000004)
    __rt_lib_init_rand_1                     0x000001c3   Thumb Code     0  libinit2.o(.ARM.Collect$$libinit$$0000000E)
    __rt_lib_init_return                     0x000001c3   Thumb Code     0  libinit2.o(.ARM.Collect$$libinit$$00000033)
    __rt_lib_init_signal_1                   0x000001c3   Thumb Code     0  libinit2.o(.ARM.Collect$$libinit$$0000001D)
    __rt_lib_init_stdio_1                    0x000001c3   Thumb Code     0  libinit2.o(.ARM.Collect$$libinit$$00000025)
    __rt_lib_init_user_alloc_1               0x000001c3   Thumb Code     0  libinit2.o(.ARM.Collect$$libinit$$0000000C)
    __rt_lib_shutdown                        0x000001c5   Thumb Code     0  libshutdown.o(.ARM.Collect$$libshutdown$$00000000)
    __rt_lib_shutdown_cpp_1                  0x000001c7   Thumb Code     0  libshutdown2.o(.ARM.Collect$$libshutdown$$00000004)
    __rt_lib_shutdown_fini_1                 0x000001c7   Thumb Code     0  libshutdown2.o(.ARM.Collect$$libshutdown$$00000002)
    __rt_lib_shutdown_fp_trap_1              0x000001c7   Thumb Code     0  libshutdown2.o(.ARM.Collect$$libshutdown$$00000009)
    __rt_lib_shutdown_heap_1                 0x000001c7   Thumb Code     0  libshutdown2.o(.ARM.Collect$$libshutdown$$00000011)
    __rt_lib_shutdown_return                 0x000001c7   Thumb Code     0  libshutdown2.o(.ARM.Collect$$libshutdown$$00000012)
    __rt_lib_shutdown_signal_1               0x000001c7   Thumb Code     0  libshutdown2.o(.ARM.Collect$$libshutdown$$0000000C)
    __rt_lib_shutdown_stdio_1                0x000001c7   Thumb Code     0  libshutdown2.o(.ARM.Collect$$libshutdown$$00000006)
    __rt_lib_shutdown_user_alloc_1           0x000001c7   Thumb Code     0  libshutdown2.o(.ARM.Collect$$libshutdown$$0000000E)
    __rt_entry                               0x000001c9   Thumb Code     0  __rtentry.o(.ARM.Collect$$rtentry$$00000000)
    __rt_entry_presh_1                       0x000001c9   Thumb Code     0  __rtentry2.o(.ARM.Collect$$rtentry$$00000002)
    __rt_entry_sh                            0x000001c9   Thumb Code     0  __rtentry4.o(.ARM.Collect$$rtentry$$00000004)
    __rt_entry_li                            0x000001cf   Thumb Code     0  __rtentry2.o(.ARM.Collect$$rtentry$$0000000A)
    __rt_entry_postsh_1                      0x000001cf   Thumb Code     0  __rtentry2.o(.ARM.Collect$$rtentry$$00000009)
    __rt_entry_main                          0x000001d3   Thumb Code     0  __rtentry2.o(.ARM.Collect$$rtentry$$0000000D)
    __rt_entry_postli_1                      0x000001d3   Thumb Code     0  __rtentry2.o(.ARM.Collect$$rtentry$$0000000C)
    __rt_exit                                0x000001db   Thumb Code     0  rtexit.o(.ARM.Collect$$rtexit$$00000000)
    __rt_exit_ls                             0x000001dd   Thumb Code     0  rtexit2.o(.ARM.Collect$$rtexit$$00000003)
    __rt_exit_prels_1                        0x000001dd   Thumb Code     0  rtexit2.o(.ARM.Collect$$rtexit$$00000002)
    __rt_exit_exit                           0x000001e1   Thumb Code     0  rtexit2.o(.ARM.Collect$$rtexit$$00000004)
    CPU_cpsid                                0x000001e9   Thumb Code     8  cpu.o(.emb_text)
    CPU_primask                              0x000001f1   Thumb Code     6  cpu.o(.emb_text)
    CPU_cpsie                                0x000001f7   Thumb Code     8  cpu.o(.emb_text)
    CPU_wfi                                  0x000001ff   Thumb Code     4  cpu.o(.emb_text)
    CPU_basepriSet                           0x00000203   Thumb Code     6  cpu.o(.emb_text)
    CPU_basepriGet                           0x00000209   Thumb Code     6  cpu.o(.emb_text)
    Reset_Handler                            0x00000211   Thumb Code     8  startup_msp432p401r_uvision.o(.text)
    NMI_Handler                              0x00000219   Thumb Code     2  startup_msp432p401r_uvision.o(.text)
    HardFault_Handler                        0x0000021b   Thumb Code     2  startup_msp432p401r_uvision.o(.text)
    MemManage_Handler                        0x0000021d   Thumb Code     2  startup_msp432p401r_uvision.o(.text)
    BusFault_Handler                         0x0000021f   Thumb Code     2  startup_msp432p401r_uvision.o(.text)
    UsageFault_Handler                       0x00000221   Thumb Code     2  startup_msp432p401r_uvision.o(.text)
    SVC_Handler                              0x00000223   Thumb Code     2  startup_msp432p401r_uvision.o(.text)
    DebugMon_Handler                         0x00000225   Thumb Code     2  startup_msp432p401r_uvision.o(.text)
    PendSV_Handler                           0x00000227   Thumb Code     2  startup_msp432p401r_uvision.o(.text)
    SysTick_Handler                          0x00000229   Thumb Code     2  startup_msp432p401r_uvision.o(.text)
    AES256_IRQHandler                        0x0000022b   Thumb Code     0  startup_msp432p401r_uvision.o(.text)
    COMP_E0_IRQHandler                       0x0000022b   Thumb Code     0  startup_msp432p401r_uvision.o(.text)
    COMP_E1_IRQHandler                       0x0000022b   Thumb Code     0  startup_msp432p401r_uvision.o(.text)
    CS_IRQHandler                            0x0000022b   Thumb Code     0  startup_msp432p401r_uvision.o(.text)
    DMA_ERR_IRQHandler                       0x0000022b   Thumb Code     0  startup_msp432p401r_uvision.o(.text)
    DMA_INT0_IRQHandler                      0x0000022b   Thumb Code     0  startup_msp432p401r_uvision.o(.text)
    DMA_INT1_IRQHandler                      0x0000022b   Thumb Code     0  startup_msp432p401r_uvision.o(.text)
    DMA_INT2_IRQHandler                      0x0000022b   Thumb Code     0  startup_msp432p401r_uvision.o(.text)
    DMA_INT3_IRQHandler                      0x0000022b   Thumb Code     0  startup_msp432p401r_uvision.o(.text)
    EUSCIA0_IRQHandler                       0x0000022b   Thumb Code     0  startup_msp432p401r_uvision.o(.text)
    EUSCIA1_IRQHandler                       0x0000022b   Thumb Code     0  startup_msp432p401r_uvision.o(.text)
    EUSCIA3_IRQHandler                       0x0000022b   Thumb Code     0  startup_msp432p401r_uvision.o(.text)
    EUSCIB0_IRQHandler                       0x0000022b   Thumb Code     0  startup_msp432p401r_uvision.o(.text)
    EUSCIB1_IRQHandler                       0x0000022b   Thumb Code     0  startup_msp432p401r_uvision.o(.text)
    EUSCIB2_IRQHandler                       0x0000022b   Thumb Code     0  startup_msp432p401r_uvision.o(.text)
    EUSCIB3_IRQHandler                       0x0000022b   Thumb Code     0  startup_msp432p401r_uvision.o(.text)
    FLCTL_IRQHandler                         0x0000022b   Thumb Code     0  startup_msp432p401r_uvision.o(.text)
    FPU_IRQHandler                           0x0000022b   Thumb Code     0  startup_msp432p401r_uvision.o(.text)
    PCM_IRQHandler                           0x0000022b   Thumb Code     0  startup_msp432p401r_uvision.o(.text)
    PORT2_IRQHandler                         0x0000022b   Thumb Code     0  startup_msp432p401r_uvision.o(.text)
    PORT3_IRQHandler                         0x0000022b   Thumb Code     0  startup_msp432p401r_uvision.o(.text)
    PORT4_IRQHandler                         0x0000022b   Thumb Code     0  startup_msp432p401r_uvision.o(.text)
    PORT5_IRQHandler                         0x0000022b   Thumb Code     0  startup_msp432p401r_uvision.o(.text)
    PORT6_IRQHandler                         0x0000022b   Thumb Code     0  startup_msp432p401r_uvision.o(.text)
    PSS_IRQHandler                           0x0000022b   Thumb Code     0  startup_msp432p401r_uvision.o(.text)
    RTC_C_IRQHandler                         0x0000022b   Thumb Code     0  startup_msp432p401r_uvision.o(.text)
    T32_INTC_IRQHandler                      0x0000022b   Thumb Code     0  startup_msp432p401r_uvision.o(.text)
    TA0_N_IRQHandler                         0x0000022b   Thumb Code     0  startup_msp432p401r_uvision.o(.text)
    TA1_0_IRQHandler                         0x0000022b   Thumb Code     0  startup_msp432p401r_uvision.o(.text)
    TA1_N_IRQHandler                         0x0000022b   Thumb Code     0  startup_msp432p401r_uvision.o(.text)
    TA2_0_IRQHandler                         0x0000022b   Thumb Code     0  startup_msp432p401r_uvision.o(.text)
    TA3_0_IRQHandler                         0x0000022b   Thumb Code     0  startup_msp432p401r_uvision.o(.text)
    TA3_N_IRQHandler                         0x0000022b   Thumb Code     0  startup_msp432p401r_uvision.o(.text)
    WDT_A_IRQHandler                         0x0000022b   Thumb Code     0  startup_msp432p401r_uvision.o(.text)
    __user_initial_stackheap                 0x0000022d   Thumb Code    10  startup_msp432p401r_uvision.o(.text)
    __use_no_semihosting                     0x0000024d   Thumb Code     2  use_no_semi_2.o(.text)
    __2printf                                0x00000251   Thumb Code    20  __2printf.o(.text)
    __aeabi_memcpy4                          0x00000269   Thumb Code     0  rt_memcpy_w.o(.text)
    __aeabi_memcpy8                          0x00000269   Thumb Code     0  rt_memcpy_w.o(.text)
    __rt_memcpy_w                            0x00000269   Thumb Code   100  rt_memcpy_w.o(.text)
    _memcpy_lastbytes_aligned                0x000002b1   Thumb Code     0  rt_memcpy_w.o(.text)
    __aeabi_memset                           0x000002cd   Thumb Code    16  aeabi_memset.o(.text)
    __aeabi_memclr                           0x000002dd   Thumb Code     0  rt_memclr.o(.text)
    __rt_memclr                              0x000002dd   Thumb Code    68  rt_memclr.o(.text)
    _memset                                  0x000002e1   Thumb Code     0  rt_memclr.o(.text)
    __use_two_region_memory                  0x00000321   Thumb Code     2  heapauxi.o(.text)
    __rt_heap_escrow$2region                 0x00000323   Thumb Code     2  heapauxi.o(.text)
    __rt_heap_expand$2region                 0x00000325   Thumb Code     2  heapauxi.o(.text)
    __I$use$semihosting                      0x00000327   Thumb Code     0  use_no_semi.o(.text)
    __use_no_semihosting_swi                 0x00000327   Thumb Code     2  use_no_semi.o(.text)
    _printf_char_common                      0x00000333   Thumb Code    32  _printf_char_common.o(.text)
    _printf_char_file                        0x00000359   Thumb Code    32  _printf_char_file.o(.text)
    __printf                                 0x0000037d   Thumb Code   388  __printf_flags_ss_wp.o(.text)
    __aeabi_memclr4                          0x00000505   Thumb Code     0  rt_memclr_w.o(.text)
    __aeabi_memclr8                          0x00000505   Thumb Code     0  rt_memclr_w.o(.text)
    __rt_memclr_w                            0x00000505   Thumb Code    78  rt_memclr_w.o(.text)
    _memset_w                                0x00000509   Thumb Code     0  rt_memclr_w.o(.text)
    ferror                                   0x00000553   Thumb Code     8  ferror.o(.text)
    __user_libspace                          0x0000055d   Thumb Code     8  libspace.o(.text)
    __user_perproc_libspace                  0x0000055d   Thumb Code     0  libspace.o(.text)
    __user_perthread_libspace                0x0000055d   Thumb Code     0  libspace.o(.text)
    __user_setup_stackheap                   0x00000565   Thumb Code    74  sys_stackheap_outer.o(.text)
    exit                                     0x000005af   Thumb Code    18  exit.o(.text)
    ADC14_IRQHandler                         0x000005c1   Thumb Code    74  adc.o(i.ADC14_IRQHandler)
    ADC14_configureConversionMemory          0x00000625   Thumb Code    96  adc14.o(i.ADC14_configureConversionMemory)
    ADC14_configureMultiSequenceMode         0x00000689   Thumb Code   116  adc14.o(i.ADC14_configureMultiSequenceMode)
    ADC14_getMultiSequenceResult             0x00000705   Thumb Code    38  adc14.o(i.ADC14_getMultiSequenceResult)
    CS_clearInterruptFlag                    0x00000745   Thumb Code    26  cs.o(i.CS_clearInterruptFlag)
    CS_getACLK                               0x00000769   Thumb Code    20  cs.o(i.CS_getACLK)
    CS_getDCOFrequency                       0x00000781   Thumb Code   234  cs.o(i.CS_getDCOFrequency)
    CS_getMCLK                               0x0000088d   Thumb Code    20  cs.o(i.CS_getMCLK)
    CS_getSMCLK                              0x000008a5   Thumb Code    18  cs.o(i.CS_getSMCLK)
    CS_setExternalClockSourceFrequency       0x000008bd   Thumb Code     8  cs.o(i.CS_setExternalClockSourceFrequency)
    CS_startHFXT                             0x000008c9   Thumb Code     6  cs.o(i.CS_startHFXT)
    CS_startHFXTWithTimeout                  0x000008d1   Thumb Code   144  cs.o(i.CS_startHFXTWithTimeout)
    CS_startLFXT                             0x00000971   Thumb Code     6  cs.o(i.CS_startLFXT)
    CS_startLFXTWithTimeout                  0x00000979   Thumb Code   144  cs.o(i.CS_startLFXTWithTimeout)
    ClearScreen                              0x00000a19   Thumb Code     6  oled_basic.o(i.ClearScreen)
    ClearScreenBuffer                        0x00000a21   Thumb Code    12  oled_buffer.o(i.ClearScreenBuffer)
    DrawChar                                 0x00000a31   Thumb Code   202  oled_draw.o(i.DrawChar)
    DrawString                               0x00000b01   Thumb Code    72  oled_draw.o(i.DrawString)
    DriverInit                               0x00000b49   Thumb Code    14  oled_config.o(i.DriverInit)
    EUSCIA2_IRQHandler                       0x00000b59   Thumb Code    90  my_usart.o(i.EUSCIA2_IRQHandler)
    Fre_channel0                             0x00000bc5   Thumb Code    22  led.o(i.Fre_channel0)
    Fre_channel1                             0x00000bdb   Thumb Code    22  led.o(i.Fre_channel1)
    Fre_channel2                             0x00000bf1   Thumb Code    22  led.o(i.Fre_channel2)
    Fre_channel3                             0x00000c07   Thumb Code    22  led.o(i.Fre_channel3)
    GPIO_getInputPinValue                    0x00000c1d   Thumb Code    16  gpio.o(i.GPIO_getInputPinValue)
    GPIO_interruptEdgeSelect                 0x00000c31   Thumb Code    22  gpio.o(i.GPIO_interruptEdgeSelect)
    GPIO_setAsInputPin                       0x00000c4d   Thumb Code    32  gpio.o(i.GPIO_setAsInputPin)
    GPIO_setAsOutputPin                      0x00000c71   Thumb Code    26  gpio.o(i.GPIO_setAsOutputPin)
    GPIO_setOutputHighOnPin                  0x00000c91   Thumb Code    14  gpio.o(i.GPIO_setOutputHighOnPin)
    GPIO_setOutputLowOnPin                   0x00000ca5   Thumb Code    14  gpio.o(i.GPIO_setOutputLowOnPin)
    GetDrawColor                             0x00000cb9   Thumb Code     6  oled_color.o(i.GetDrawColor)
    GetFontSize                              0x00000cc5   Thumb Code     6  oled_font.o(i.GetFontSize)
    GetTextBkMode                            0x00000cd1   Thumb Code     6  oled_font.o(i.GetTextBkMode)
    I2C_SW_Configuration                     0x00000cdd   Thumb Code    24  oled_driver.o(i.I2C_SW_Configuration)
    I2C_Start                                0x00000cf9   Thumb Code    18  oled_driver.o(i.I2C_Start)
    I2C_Stop                                 0x00000d11   Thumb Code    16  oled_driver.o(i.I2C_Stop)
    I2C_WaitAck                              0x00000d25   Thumb Code    16  oled_driver.o(i.I2C_WaitAck)
    IIC_Init                                 0x00000d39   Thumb Code    38  myiic.o(i.IIC_Init)
    IIC_Send_Byte                            0x00000d5f   Thumb Code    92  myiic.o(i.IIC_Send_Byte)
    IIC_Start                                0x00000dbb   Thumb Code    58  myiic.o(i.IIC_Start)
    IIC_Stop                                 0x00000df5   Thumb Code    58  myiic.o(i.IIC_Stop)
    IIC_Wait_Ack                             0x00000e2f   Thumb Code    82  myiic.o(i.IIC_Wait_Ack)
    InitGraph                                0x00000e81   Thumb Code     4  oled_basic.o(i.InitGraph)
    Interrupt_enableMaster                   0x00000e85   Thumb Code    14  interrupt.o(i.Interrupt_enableMaster)
    Interrupt_setPriority                    0x00000e95   Thumb Code    30  interrupt.o(i.Interrupt_setPriority)
    KEY4x4_Init                              0x00000eb9   Thumb Code    40  key4x4.o(i.KEY4x4_Init)
    KEY4x4_Scan                              0x00000ee5   Thumb Code   168  key4x4.o(i.KEY4x4_Scan)
    KEY_Init                                 0x00000f95   Thumb Code   122  key.o(i.KEY_Init)
    LED_Init                                 0x00001015   Thumb Code    54  led.o(i.LED_Init)
    OLED_CLS                                 0x0000104b   Thumb Code    52  oled_driver.o(i.OLED_CLS)
    OLED_FILL                                0x0000107f   Thumb Code    88  oled_driver.o(i.OLED_FILL)
    OLED_Init                                0x000010d7   Thumb Code   178  oled_driver.o(i.OLED_Init)
    PORT1_IRQHandler                         0x00001189   Thumb Code    62  key.o(i.PORT1_IRQHandler)
    Send_Byte                                0x000011d1   Thumb Code    50  oled_driver.o(i.Send_Byte)
    SetPointBuffer                           0x00001209   Thumb Code    68  oled_buffer.o(i.SetPointBuffer)
    SysCtl_A_disableNMISource                0x00001259   Thumb Code    10  sysctl_a.o(i.SysCtl_A_disableNMISource)
    SysCtl_A_enableNMISource                 0x00001269   Thumb Code    10  sysctl_a.o(i.SysCtl_A_enableNMISource)
    SysCtl_A_getNMISourceStatus              0x00001279   Thumb Code    10  sysctl_a.o(i.SysCtl_A_getNMISourceStatus)
    SysCtl_A_getTLVInfo                      0x00001289   Thumb Code    64  sysctl_a.o(i.SysCtl_A_getTLVInfo)
    SysInit                                  0x000012d1   Thumb Code   126  sysinit.o(i.SysInit)
    SystemInit                               0x0000135d   Thumb Code    76  system_msp432p401r.o(i.SystemInit)
    T32_INT1_IRQHandler                      0x000013bd   Thumb Code    10  tim32.o(i.T32_INT1_IRQHandler)
    T32_INT2_IRQHandler                      0x000013d1   Thumb Code    10  tim32.o(i.T32_INT2_IRQHandler)
    TA0_0_IRQHandler                         0x000013e5   Thumb Code    32  tima.o(i.TA0_0_IRQHandler)
    TA2_N_IRQHandler                         0x00001409   Thumb Code   160  tima.o(i.TA2_N_IRQHandler)
    TQL0401A_Init                            0x000014b9   Thumb Code     4  tpl0401a.o(i.TQL0401A_Init)
    TQL0401A_OUT                             0x000014bd   Thumb Code    92  tpl0401a.o(i.TQL0401A_OUT)
    TQL0401A_WriteOneByte                    0x00001519   Thumb Code    54  tpl0401a.o(i.TQL0401A_WriteOneByte)
    Timer_A_getCaptureCompareCount           0x0000154f   Thumb Code    16  timer_a.o(i.Timer_A_getCaptureCompareCount)
    UART_getEnabledInterruptStatus           0x0000155f   Thumb Code    38  uart.o(i.UART_getEnabledInterruptStatus)
    UART_initModule                          0x00001585   Thumb Code   146  uart.o(i.UART_initModule)
    UART_receiveData                         0x00001617   Thumb Code    24  uart.o(i.UART_receiveData)
    UART_transmitData                        0x0000162f   Thumb Code    22  uart.o(i.UART_transmitData)
    UpdateScreen                             0x00001645   Thumb Code     4  oled_basic.o(i.UpdateScreen)
    UpdateScreenBuffer                       0x00001649   Thumb Code     6  oled_config.o(i.UpdateScreenBuffer)
    UpdateScreenDisplay                      0x00001655   Thumb Code     4  oled_buffer.o(i.UpdateScreenDisplay)
    WriteCmd                                 0x00001659   Thumb Code    46  oled_driver.o(i.WriteCmd)
    WriteDat                                 0x00001687   Thumb Code    46  oled_driver.o(i.WriteDat)
    _is_digit                                0x00001963   Thumb Code    14  __printf_wp.o(i._is_digit)
    _sys_exit                                0x00001971   Thumb Code     2  usart.o(i._sys_exit)
    adc_init1                                0x00001975   Thumb Code   162  adc.o(i.adc_init1)
    bitPosition                              0x00001a21   Thumb Code    16  baudrate_calculate.o(i.bitPosition)
    channelx                                 0x00001a31   Thumb Code     8  led.o(i.channelx)
    channely                                 0x00001a39   Thumb Code     8  led.o(i.channely)
    delay_init                               0x00001a41   Thumb Code    30  delay.o(i.delay_init)
    delay_ms                                 0x00001a69   Thumb Code    24  delay.o(i.delay_ms)
    delay_us                                 0x00001a81   Thumb Code    46  delay.o(i.delay_us)
    eusci_calcBaudDividers                   0x00001ab5   Thumb Code   282  baudrate_calculate.o(i.eusci_calcBaudDividers)
    five_Fre                                 0x00001be1   Thumb Code    22  led.o(i.five_Fre)
    four_Fre                                 0x00001bf7   Thumb Code    22  led.o(i.four_Fre)
    fputc                                    0x00001c0d   Thumb Code    16  usart.o(i.fputc)
    main                                     0x00001c4d   Thumb Code   970  main.o(i.main)
    pgm_read_byte                            0x000020fd   Thumb Code     4  oled_basic.o(i.pgm_read_byte)
    three_Fre                                0x00002101   Thumb Code    22  led.o(i.three_Fre)
    two_Fre                                  0x00002117   Thumb Code    22  led.o(i.two_Fre)
    uart_init                                0x0000212d   Thumb Code    64  usart.o(i.uart_init)
    usart2_init                              0x00002179   Thumb Code    64  my_usart.o(i.usart2_init)
    _fp_init                                 0x000021c5   Thumb Code    10  fpinit.o(x$fpl$fpinit)
    __fplib_config_fpu_vfp                   0x000021cd   Thumb Code     0  fpinit.o(x$fpl$fpinit)
    __fplib_config_pureend_doubles           0x000021cd   Thumb Code     0  fpinit.o(x$fpl$fpinit)
    uartConfig2                              0x000021d0   Data          40  my_usart.o(.constdata)
    font5x7                                  0x00002220   Data        1280  oled_font.o(.constdata)
    Region$$Table$$Base                      0x00002890   Number         0  anon$$obj.o(Region$$Table)
    Region$$Table$$Limit                     0x000028b0   Number         0  anon$$obj.o(Region$$Table)
    AD_store_point                           0x20000000   Data           2  main.o(.data)
    flag                                     0x20000004   Data           1  main.o(.data)
    three_flag                               0x20000005   Data           1  main.o(.data)
    n                                        0x20000006   Data           1  main.o(.data)
    k                                        0x20000007   Data           1  main.o(.data)
    key_value                                0x20000008   Data           1  main.o(.data)
    AD_sample_ok                             0x2000000a   Data           2  main.o(.data)
    j                                        0x2000000c   Data           4  main.o(.data)
    TIMA2_CAP_STA                            0x20000012   Data           1  tima.o(.data)
    TIMA2_CAP_VAL                            0x20000014   Data           2  tima.o(.data)
    upModeConfig                             0x2000001c   Data          24  adc.o(.data)
    compareConfig                            0x20000034   Data          16  adc.o(.data)
    EUSCI_A2_RX_STA                          0x20000044   Data           2  my_usart.o(.data)
    __stdout                                 0x20000048   Data           4  usart.o(.data)
    adcv1                                    0x2000005c   Data        1000  main.o(.bss)
    adcv2                                    0x20000444   Data        1000  main.o(.bss)
    EUSCI_A2_TX_BUF                          0x2000082c   Data          50  my_usart.o(.bss)
    EUSCI_A2_RX_BUF                          0x2000085e   Data         200  my_usart.o(.bss)
    ScreenBuffer                             0x20000926   Data        1024  oled_buffer.o(.bss)
    TempBuffer                               0x20000d26   Data        1024  oled_buffer.o(.bss)
    __libspace_start                         0x20001128   Data          96  libspace.o(.bss)
    __temporary_stack_top$libspace           0x20001188   Data           0  libspace.o(.bss)



==============================================================================

Memory Map of the image

  Image Entry point : 0x00000145

  Load Region LR_IROM1 (Base: 0x00000000, Size: 0x0000290c, Max: 0x00040000, ABSOLUTE)

    Execution Region ER_IROM1 (Exec base: 0x00000000, Load base: 0x00000000, Size: 0x000028b0, Max: 0x00040000, ABSOLUTE)

    Exec Addr    Load Addr    Size         Type   Attr      Idx    E Section Name        Object

    0x00000000   0x00000000   0x00000144   Data   RO           73    RESET               startup_msp432p401r_uvision.o
    0x00000144   0x00000144   0x00000008   Code   RO         2930  * !!!main             c_w.l(__main.o)
    0x0000014c   0x0000014c   0x00000034   Code   RO         3389    !!!scatter          c_w.l(__scatter.o)
    0x00000180   0x00000180   0x0000001a   Code   RO         3391    !!handler_copy      c_w.l(__scatter_copy.o)
    0x0000019a   0x0000019a   0x00000002   PAD
    0x0000019c   0x0000019c   0x0000001c   Code   RO         3393    !!handler_zi        c_w.l(__scatter_zi.o)
    0x000001b8   0x000001b8   0x00000000   Code   RO         3080    .ARM.Collect$$_printf_percent$$00000000  c_w.l(_printf_percent.o)
    0x000001b8   0x000001b8   0x00000004   Code   RO         3195    .ARM.Collect$$_printf_percent$$00000017  c_w.l(_printf_percent_end.o)
    0x000001bc   0x000001bc   0x00000002   Code   RO         3257    .ARM.Collect$$libinit$$00000000  c_w.l(libinit.o)
    0x000001be   0x000001be   0x00000004   Code   RO         3267    .ARM.Collect$$libinit$$00000001  c_w.l(libinit2.o)
    0x000001c2   0x000001c2   0x00000000   Code   RO         3270    .ARM.Collect$$libinit$$00000004  c_w.l(libinit2.o)
    0x000001c2   0x000001c2   0x00000000   Code   RO         3273    .ARM.Collect$$libinit$$0000000A  c_w.l(libinit2.o)
    0x000001c2   0x000001c2   0x00000000   Code   RO         3275    .ARM.Collect$$libinit$$0000000C  c_w.l(libinit2.o)
    0x000001c2   0x000001c2   0x00000000   Code   RO         3277    .ARM.Collect$$libinit$$0000000E  c_w.l(libinit2.o)
    0x000001c2   0x000001c2   0x00000000   Code   RO         3280    .ARM.Collect$$libinit$$00000011  c_w.l(libinit2.o)
    0x000001c2   0x000001c2   0x00000000   Code   RO         3282    .ARM.Collect$$libinit$$00000013  c_w.l(libinit2.o)
    0x000001c2   0x000001c2   0x00000000   Code   RO         3284    .ARM.Collect$$libinit$$00000015  c_w.l(libinit2.o)
    0x000001c2   0x000001c2   0x00000000   Code   RO         3286    .ARM.Collect$$libinit$$00000017  c_w.l(libinit2.o)
    0x000001c2   0x000001c2   0x00000000   Code   RO         3288    .ARM.Collect$$libinit$$00000019  c_w.l(libinit2.o)
    0x000001c2   0x000001c2   0x00000000   Code   RO         3290    .ARM.Collect$$libinit$$0000001B  c_w.l(libinit2.o)
    0x000001c2   0x000001c2   0x00000000   Code   RO         3292    .ARM.Collect$$libinit$$0000001D  c_w.l(libinit2.o)
    0x000001c2   0x000001c2   0x00000000   Code   RO         3294    .ARM.Collect$$libinit$$0000001F  c_w.l(libinit2.o)
    0x000001c2   0x000001c2   0x00000000   Code   RO         3296    .ARM.Collect$$libinit$$00000021  c_w.l(libinit2.o)
    0x000001c2   0x000001c2   0x00000000   Code   RO         3298    .ARM.Collect$$libinit$$00000023  c_w.l(libinit2.o)
    0x000001c2   0x000001c2   0x00000000   Code   RO         3300    .ARM.Collect$$libinit$$00000025  c_w.l(libinit2.o)
    0x000001c2   0x000001c2   0x00000000   Code   RO         3304    .ARM.Collect$$libinit$$0000002C  c_w.l(libinit2.o)
    0x000001c2   0x000001c2   0x00000000   Code   RO         3306    .ARM.Collect$$libinit$$0000002E  c_w.l(libinit2.o)
    0x000001c2   0x000001c2   0x00000000   Code   RO         3308    .ARM.Collect$$libinit$$00000030  c_w.l(libinit2.o)
    0x000001c2   0x000001c2   0x00000000   Code   RO         3310    .ARM.Collect$$libinit$$00000032  c_w.l(libinit2.o)
    0x000001c2   0x000001c2   0x00000002   Code   RO         3311    .ARM.Collect$$libinit$$00000033  c_w.l(libinit2.o)
    0x000001c4   0x000001c4   0x00000002   Code   RO         3329    .ARM.Collect$$libshutdown$$00000000  c_w.l(libshutdown.o)
    0x000001c6   0x000001c6   0x00000000   Code   RO         3339    .ARM.Collect$$libshutdown$$00000002  c_w.l(libshutdown2.o)
    0x000001c6   0x000001c6   0x00000000   Code   RO         3341    .ARM.Collect$$libshutdown$$00000004  c_w.l(libshutdown2.o)
    0x000001c6   0x000001c6   0x00000000   Code   RO         3343    .ARM.Collect$$libshutdown$$00000006  c_w.l(libshutdown2.o)
    0x000001c6   0x000001c6   0x00000000   Code   RO         3346    .ARM.Collect$$libshutdown$$00000009  c_w.l(libshutdown2.o)
    0x000001c6   0x000001c6   0x00000000   Code   RO         3349    .ARM.Collect$$libshutdown$$0000000C  c_w.l(libshutdown2.o)
    0x000001c6   0x000001c6   0x00000000   Code   RO         3351    .ARM.Collect$$libshutdown$$0000000E  c_w.l(libshutdown2.o)
    0x000001c6   0x000001c6   0x00000000   Code   RO         3354    .ARM.Collect$$libshutdown$$00000011  c_w.l(libshutdown2.o)
    0x000001c6   0x000001c6   0x00000002   Code   RO         3355    .ARM.Collect$$libshutdown$$00000012  c_w.l(libshutdown2.o)
    0x000001c8   0x000001c8   0x00000000   Code   RO         2994    .ARM.Collect$$rtentry$$00000000  c_w.l(__rtentry.o)
    0x000001c8   0x000001c8   0x00000000   Code   RO         3161    .ARM.Collect$$rtentry$$00000002  c_w.l(__rtentry2.o)
    0x000001c8   0x000001c8   0x00000006   Code   RO         3173    .ARM.Collect$$rtentry$$00000004  c_w.l(__rtentry4.o)
    0x000001ce   0x000001ce   0x00000000   Code   RO         3163    .ARM.Collect$$rtentry$$00000009  c_w.l(__rtentry2.o)
    0x000001ce   0x000001ce   0x00000004   Code   RO         3164    .ARM.Collect$$rtentry$$0000000A  c_w.l(__rtentry2.o)
    0x000001d2   0x000001d2   0x00000000   Code   RO         3166    .ARM.Collect$$rtentry$$0000000C  c_w.l(__rtentry2.o)
    0x000001d2   0x000001d2   0x00000008   Code   RO         3167    .ARM.Collect$$rtentry$$0000000D  c_w.l(__rtentry2.o)
    0x000001da   0x000001da   0x00000002   Code   RO         3260    .ARM.Collect$$rtexit$$00000000  c_w.l(rtexit.o)
    0x000001dc   0x000001dc   0x00000000   Code   RO         3313    .ARM.Collect$$rtexit$$00000002  c_w.l(rtexit2.o)
    0x000001dc   0x000001dc   0x00000004   Code   RO         3314    .ARM.Collect$$rtexit$$00000003  c_w.l(rtexit2.o)
    0x000001e0   0x000001e0   0x00000006   Code   RO         3315    .ARM.Collect$$rtexit$$00000004  c_w.l(rtexit2.o)
    0x000001e6   0x000001e6   0x00000002   PAD
    0x000001e8   0x000001e8   0x00000026   Code   RO         2757    .emb_text           msp432p4xx_driverlib.lib(cpu.o)
    0x0000020e   0x0000020e   0x00000002   PAD
    0x00000210   0x00000210   0x0000003c   Code   RO           74    .text               startup_msp432p401r_uvision.o
    0x0000024c   0x0000024c   0x00000002   Code   RO         2910    .text               c_w.l(use_no_semi_2.o)
    0x0000024e   0x0000024e   0x00000002   PAD
    0x00000250   0x00000250   0x00000018   Code   RO         2914    .text               c_w.l(__2printf.o)
    0x00000268   0x00000268   0x00000064   Code   RO         2922    .text               c_w.l(rt_memcpy_w.o)
    0x000002cc   0x000002cc   0x00000010   Code   RO         2924    .text               c_w.l(aeabi_memset.o)
    0x000002dc   0x000002dc   0x00000044   Code   RO         2926    .text               c_w.l(rt_memclr.o)
    0x00000320   0x00000320   0x00000006   Code   RO         2928    .text               c_w.l(heapauxi.o)
    0x00000326   0x00000326   0x00000002   Code   RO         2992    .text               c_w.l(use_no_semi.o)
    0x00000328   0x00000328   0x00000030   Code   RO         3009    .text               c_w.l(_printf_char_common.o)
    0x00000358   0x00000358   0x00000024   Code   RO         3013    .text               c_w.l(_printf_char_file.o)
    0x0000037c   0x0000037c   0x00000188   Code   RO         3064    .text               c_w.l(__printf_flags_ss_wp.o)
    0x00000504   0x00000504   0x0000004e   Code   RO         3090    .text               c_w.l(rt_memclr_w.o)
    0x00000552   0x00000552   0x00000008   Code   RO         3196    .text               c_w.l(ferror.o)
    0x0000055a   0x0000055a   0x00000002   PAD
    0x0000055c   0x0000055c   0x00000008   Code   RO         3208    .text               c_w.l(libspace.o)
    0x00000564   0x00000564   0x0000004a   Code   RO         3211    .text               c_w.l(sys_stackheap_outer.o)
    0x000005ae   0x000005ae   0x00000012   Code   RO         3250    .text               c_w.l(exit.o)
    0x000005c0   0x000005c0   0x00000064   Code   RO          547    i.ADC14_IRQHandler  adc.o
    0x00000624   0x00000624   0x00000064   Code   RO         1643    i.ADC14_configureConversionMemory  msp432p4xx_driverlib.lib(adc14.o)
    0x00000688   0x00000688   0x0000007c   Code   RO         1644    i.ADC14_configureMultiSequenceMode  msp432p4xx_driverlib.lib(adc14.o)
    0x00000704   0x00000704   0x0000002c   Code   RO         1660    i.ADC14_getMultiSequenceResult  msp432p4xx_driverlib.lib(adc14.o)
    0x00000730   0x00000730   0x00000014   Code   RO         1675    i.ADCIsConversionRunning  msp432p4xx_driverlib.lib(adc14.o)
    0x00000744   0x00000744   0x00000024   Code   RO         1914    i.CS_clearInterruptFlag  msp432p4xx_driverlib.lib(cs.o)
    0x00000768   0x00000768   0x00000018   Code   RO         1923    i.CS_getACLK        msp432p4xx_driverlib.lib(cs.o)
    0x00000780   0x00000780   0x0000010c   Code   RO         1925    i.CS_getDCOFrequency  msp432p4xx_driverlib.lib(cs.o)
    0x0000088c   0x0000088c   0x00000018   Code   RO         1929    i.CS_getMCLK        msp432p4xx_driverlib.lib(cs.o)
    0x000008a4   0x000008a4   0x00000018   Code   RO         1930    i.CS_getSMCLK       msp432p4xx_driverlib.lib(cs.o)
    0x000008bc   0x000008bc   0x0000000c   Code   RO         1937    i.CS_setExternalClockSourceFrequency  msp432p4xx_driverlib.lib(cs.o)
    0x000008c8   0x000008c8   0x00000006   Code   RO         1940    i.CS_startHFXT      msp432p4xx_driverlib.lib(cs.o)
    0x000008ce   0x000008ce   0x00000002   PAD
    0x000008d0   0x000008d0   0x000000a0   Code   RO         1941    i.CS_startHFXTWithTimeout  msp432p4xx_driverlib.lib(cs.o)
    0x00000970   0x00000970   0x00000006   Code   RO         1942    i.CS_startLFXT      msp432p4xx_driverlib.lib(cs.o)
    0x00000976   0x00000976   0x00000002   PAD
    0x00000978   0x00000978   0x000000a0   Code   RO         1943    i.CS_startLFXTWithTimeout  msp432p4xx_driverlib.lib(cs.o)
    0x00000a18   0x00000a18   0x00000006   Code   RO          933    i.ClearScreen       oled_basic.o
    0x00000a1e   0x00000a1e   0x00000002   PAD
    0x00000a20   0x00000a20   0x00000010   Code   RO         1092    i.ClearScreenBuffer  oled_buffer.o
    0x00000a30   0x00000a30   0x000000d0   Code   RO         1300    i.DrawChar          oled_draw.o
    0x00000b00   0x00000b00   0x00000048   Code   RO         1323    i.DrawString        oled_draw.o
    0x00000b48   0x00000b48   0x0000000e   Code   RO         1206    i.DriverInit        oled_config.o
    0x00000b56   0x00000b56   0x00000002   PAD
    0x00000b58   0x00000b58   0x0000006c   Code   RO          587    i.EUSCIA2_IRQHandler  my_usart.o
    0x00000bc4   0x00000bc4   0x00000016   Code   RO          293    i.Fre_channel0      led.o
    0x00000bda   0x00000bda   0x00000016   Code   RO          294    i.Fre_channel1      led.o
    0x00000bf0   0x00000bf0   0x00000016   Code   RO          295    i.Fre_channel2      led.o
    0x00000c06   0x00000c06   0x00000016   Code   RO          296    i.Fre_channel3      led.o
    0x00000c1c   0x00000c1c   0x00000014   Code   RO         2144    i.GPIO_getInputPinValue  msp432p4xx_driverlib.lib(gpio.o)
    0x00000c30   0x00000c30   0x0000001c   Code   RO         2146    i.GPIO_interruptEdgeSelect  msp432p4xx_driverlib.lib(gpio.o)
    0x00000c4c   0x00000c4c   0x00000024   Code   RO         2148    i.GPIO_setAsInputPin  msp432p4xx_driverlib.lib(gpio.o)
    0x00000c70   0x00000c70   0x00000020   Code   RO         2151    i.GPIO_setAsOutputPin  msp432p4xx_driverlib.lib(gpio.o)
    0x00000c90   0x00000c90   0x00000014   Code   RO         2156    i.GPIO_setOutputHighOnPin  msp432p4xx_driverlib.lib(gpio.o)
    0x00000ca4   0x00000ca4   0x00000014   Code   RO         2157    i.GPIO_setOutputLowOnPin  msp432p4xx_driverlib.lib(gpio.o)
    0x00000cb8   0x00000cb8   0x0000000c   Code   RO         1171    i.GetDrawColor      oled_color.o
    0x00000cc4   0x00000cc4   0x0000000c   Code   RO         1600    i.GetFontSize       oled_font.o
    0x00000cd0   0x00000cd0   0x0000000c   Code   RO         1601    i.GetTextBkMode     oled_font.o
    0x00000cdc   0x00000cdc   0x0000001c   Code   RO         1509    i.I2C_SW_Configuration  oled_driver.o
    0x00000cf8   0x00000cf8   0x00000018   Code   RO         1510    i.I2C_Start         oled_driver.o
    0x00000d10   0x00000d10   0x00000014   Code   RO         1511    i.I2C_Stop          oled_driver.o
    0x00000d24   0x00000d24   0x00000014   Code   RO         1512    i.I2C_WaitAck       oled_driver.o
    0x00000d38   0x00000d38   0x00000026   Code   RO          693    i.IIC_Init          myiic.o
    0x00000d5e   0x00000d5e   0x0000005c   Code   RO          696    i.IIC_Send_Byte     myiic.o
    0x00000dba   0x00000dba   0x0000003a   Code   RO          697    i.IIC_Start         myiic.o
    0x00000df4   0x00000df4   0x0000003a   Code   RO          698    i.IIC_Stop          myiic.o
    0x00000e2e   0x00000e2e   0x00000052   Code   RO          699    i.IIC_Wait_Ack      myiic.o
    0x00000e80   0x00000e80   0x00000004   Code   RO          943    i.InitGraph         oled_basic.o
    0x00000e84   0x00000e84   0x0000000e   Code   RO         2288    i.Interrupt_enableMaster  msp432p4xx_driverlib.lib(interrupt.o)
    0x00000e92   0x00000e92   0x00000002   PAD
    0x00000e94   0x00000e94   0x00000024   Code   RO         2297    i.Interrupt_setPriority  msp432p4xx_driverlib.lib(interrupt.o)
    0x00000eb8   0x00000eb8   0x0000002c   Code   RO          419    i.KEY4x4_Init       key4x4.o
    0x00000ee4   0x00000ee4   0x000000b0   Code   RO          420    i.KEY4x4_Scan       key4x4.o
    0x00000f94   0x00000f94   0x00000080   Code   RO          377    i.KEY_Init          key.o
    0x00001014   0x00001014   0x00000036   Code   RO          297    i.LED_Init          led.o
    0x0000104a   0x0000104a   0x00000034   Code   RO         1514    i.OLED_CLS          oled_driver.o
    0x0000107e   0x0000107e   0x00000058   Code   RO         1515    i.OLED_FILL         oled_driver.o
    0x000010d6   0x000010d6   0x000000b2   Code   RO         1516    i.OLED_Init         oled_driver.o
    0x00001188   0x00001188   0x00000048   Code   RO          379    i.PORT1_IRQHandler  key.o
    0x000011d0   0x000011d0   0x00000038   Code   RO         1519    i.Send_Byte         oled_driver.o
    0x00001208   0x00001208   0x00000050   Code   RO         1097    i.SetPointBuffer    oled_buffer.o
    0x00001258   0x00001258   0x00000010   Code   RO         2780    i.SysCtl_A_disableNMISource  msp432p4xx_driverlib.lib(sysctl_a.o)
    0x00001268   0x00001268   0x00000010   Code   RO         2785    i.SysCtl_A_enableNMISource  msp432p4xx_driverlib.lib(sysctl_a.o)
    0x00001278   0x00001278   0x00000010   Code   RO         2791    i.SysCtl_A_getNMISourceStatus  msp432p4xx_driverlib.lib(sysctl_a.o)
    0x00001288   0x00001288   0x00000048   Code   RO         2793    i.SysCtl_A_getTLVInfo  msp432p4xx_driverlib.lib(sysctl_a.o)
    0x000012d0   0x000012d0   0x0000008c   Code   RO          844    i.SysInit           sysinit.o
    0x0000135c   0x0000135c   0x00000060   Code   RO            5    i.SystemInit        system_msp432p401r.o
    0x000013bc   0x000013bc   0x00000014   Code   RO          450    i.T32_INT1_IRQHandler  tim32.o
    0x000013d0   0x000013d0   0x00000014   Code   RO          451    i.T32_INT2_IRQHandler  tim32.o
    0x000013e4   0x000013e4   0x00000024   Code   RO          492    i.TA0_0_IRQHandler  tima.o
    0x00001408   0x00001408   0x000000b0   Code   RO          493    i.TA2_N_IRQHandler  tima.o
    0x000014b8   0x000014b8   0x00000004   Code   RO          647    i.TQL0401A_Init     tpl0401a.o
    0x000014bc   0x000014bc   0x0000005c   Code   RO          648    i.TQL0401A_OUT      tpl0401a.o
    0x00001518   0x00001518   0x00000036   Code   RO          650    i.TQL0401A_WriteOneByte  tpl0401a.o
    0x0000154e   0x0000154e   0x00000010   Code   RO         2437    i.Timer_A_getCaptureCompareCount  msp432p4xx_driverlib.lib(timer_a.o)
    0x0000155e   0x0000155e   0x00000026   Code   RO         2618    i.UART_getEnabledInterruptStatus  msp432p4xx_driverlib.lib(uart.o)
    0x00001584   0x00001584   0x00000092   Code   RO         2622    i.UART_initModule   msp432p4xx_driverlib.lib(uart.o)
    0x00001616   0x00001616   0x00000018   Code   RO         2624    i.UART_receiveData  msp432p4xx_driverlib.lib(uart.o)
    0x0000162e   0x0000162e   0x00000016   Code   RO         2631    i.UART_transmitData  msp432p4xx_driverlib.lib(uart.o)
    0x00001644   0x00001644   0x00000004   Code   RO          949    i.UpdateScreen      oled_basic.o
    0x00001648   0x00001648   0x0000000c   Code   RO         1208    i.UpdateScreenBuffer  oled_config.o
    0x00001654   0x00001654   0x00000004   Code   RO         1101    i.UpdateScreenDisplay  oled_buffer.o
    0x00001658   0x00001658   0x0000002e   Code   RO         1520    i.WriteCmd          oled_driver.o
    0x00001686   0x00001686   0x0000002e   Code   RO         1521    i.WriteDat          oled_driver.o
    0x000016b4   0x000016b4   0x000000c0   Code   RO         1946    i._CSComputeCLKFrequency  msp432p4xx_driverlib.lib(cs.o)
    0x00001774   0x00001774   0x00000098   Code   RO         1947    i._CSGetHFXTFrequency  msp432p4xx_driverlib.lib(cs.o)
    0x0000180c   0x0000180c   0x00000156   Code   RO         1676    i._getIndexForMemRegister  msp432p4xx_driverlib.lib(adc14.o)
    0x00001962   0x00001962   0x0000000e   Code   RO         3057    i._is_digit         c_w.l(__printf_wp.o)
    0x00001970   0x00001970   0x00000002   Code   RO          797    i._sys_exit         usart.o
    0x00001972   0x00001972   0x00000002   PAD
    0x00001974   0x00001974   0x000000ac   Code   RO          549    i.adc_init1         adc.o
    0x00001a20   0x00001a20   0x00000010   Code   RO          906    i.bitPosition       baudrate_calculate.o
    0x00001a30   0x00001a30   0x00000008   Code   RO          298    i.channelx          led.o
    0x00001a38   0x00001a38   0x00000008   Code   RO          299    i.channely          led.o
    0x00001a40   0x00001a40   0x00000028   Code   RO          868    i.delay_init        delay.o
    0x00001a68   0x00001a68   0x00000018   Code   RO          869    i.delay_ms          delay.o
    0x00001a80   0x00001a80   0x00000034   Code   RO          870    i.delay_us          delay.o
    0x00001ab4   0x00001ab4   0x0000012c   Code   RO          907    i.eusci_calcBaudDividers  baudrate_calculate.o
    0x00001be0   0x00001be0   0x00000016   Code   RO          300    i.five_Fre          led.o
    0x00001bf6   0x00001bf6   0x00000016   Code   RO          301    i.four_Fre          led.o
    0x00001c0c   0x00001c0c   0x00000014   Code   RO          798    i.fputc             usart.o
    0x00001c20   0x00001c20   0x0000002a   Code   RO          380    i.key_delay         key.o
    0x00001c4a   0x00001c4a   0x00000002   PAD
    0x00001c4c   0x00001c4c   0x000004b0   Code   RO           81    i.main              main.o
    0x000020fc   0x000020fc   0x00000004   Code   RO          954    i.pgm_read_byte     oled_basic.o
    0x00002100   0x00002100   0x00000016   Code   RO          302    i.three_Fre         led.o
    0x00002116   0x00002116   0x00000016   Code   RO          303    i.two_Fre           led.o
    0x0000212c   0x0000212c   0x0000004c   Code   RO          799    i.uart_init         usart.o
    0x00002178   0x00002178   0x0000004c   Code   RO          590    i.usart2_init       my_usart.o
    0x000021c4   0x000021c4   0x0000000a   Code   RO         3321    x$fpl$fpinit        fz_wm.l(fpinit.o)
    0x000021ce   0x000021ce   0x00000002   PAD
    0x000021d0   0x000021d0   0x00000028   Data   RO          592    .constdata          my_usart.o
    0x000021f8   0x000021f8   0x00000028   Data   RO          800    .constdata          usart.o
    0x00002220   0x00002220   0x00000500   Data   RO         1604    .constdata          oled_font.o
    0x00002720   0x00002720   0x00000080   Data   RO         1677    .constdata          msp432p4xx_driverlib.lib(adc14.o)
    0x000027a0   0x000027a0   0x0000004c   Data   RO         2160    .constdata          msp432p4xx_driverlib.lib(gpio.o)
    0x000027ec   0x000027ec   0x00000090   Data   RO         2303    .constdata          msp432p4xx_driverlib.lib(interrupt.o)
    0x0000287c   0x0000287c   0x00000011   Data   RO         3065    .constdata          c_w.l(__printf_flags_ss_wp.o)
    0x0000288d   0x0000288d   0x00000003   PAD
    0x00002890   0x00002890   0x00000020   Data   RO         3387    Region$$Table       anon$$obj.o


    Execution Region RW_IRAM1 (Exec base: 0x20000000, Load base: 0x000028b0, Size: 0x00001388, Max: 0x00010000, ABSOLUTE)

    Exec Addr    Load Addr    Size         Type   Attr      Idx    E Section Name        Object

    0x20000000   0x000028b0   0x00000002   Data   RW           85    .data               main.o
    0x20000002   0x000028b2   0x00000002   PAD
    0x20000004   0x000028b4   0x0000000c   Data   RW           89    .data               main.o
    0x20000010   0x000028c0   0x00000001   Data   RW          421    .data               key4x4.o
    0x20000011   0x000028c1   0x00000001   PAD
    0x20000012   0x000028c2   0x00000004   Data   RW          498    .data               tima.o
    0x20000016   0x000028c6   0x00000002   PAD
    0x20000018   0x000028c8   0x0000002c   Data   RW          550    .data               adc.o
    0x20000044   0x000028f4   0x00000002   Data   RW          593    .data               my_usart.o
    0x20000046   0x000028f6   0x00000002   PAD
    0x20000048   0x000028f8   0x00000004   Data   RW          801    .data               usart.o
    0x2000004c   0x000028fc   0x00000001   Data   RW          871    .data               delay.o
    0x2000004d   0x000028fd   0x00000001   Data   RW         1104    .data               oled_buffer.o
    0x2000004e   0x000028fe   0x00000002   Data   RW         1175    .data               oled_color.o
    0x20000050   0x00002900   0x00000002   Data   RW         1607    .data               oled_font.o
    0x20000052   0x00002902   0x00000002   PAD
    0x20000054   0x00002904   0x00000008   Data   RW         1948    .data               msp432p4xx_driverlib.lib(cs.o)
    0x2000005c        -       0x000007d0   Zero   RW           84    .bss                main.o
    0x2000082c        -       0x000000fa   Zero   RW          591    .bss                my_usart.o
    0x20000926        -       0x00000800   Zero   RW         1103    .bss                oled_buffer.o
    0x20001126   0x0000290c   0x00000002   PAD
    0x20001128        -       0x00000060   Zero   RW         3209    .bss                c_w.l(libspace.o)
    0x20001188        -       0x00000000   Zero   RW           72    HEAP                startup_msp432p401r_uvision.o
    0x20001188        -       0x00000200   Zero   RW           71    STACK               startup_msp432p401r_uvision.o


==============================================================================

Image component sizes


      Code (inc. data)   RO Data    RW Data    ZI Data      Debug   Object Name

       272         36          0         44          0       1950   adc.o
       316         18          0          0          0       2211   baudrate_calculate.o
       116         16          0          1          0       1739   delay.o
       242         16          0          0          0       2054   key.o
       220         12          0          1          0       1656   key4x4.o
       246          0          0          0          0       5353   led.o
      1200        230          0         14       2000      13007   main.o
       184         30         40          2        250       2005   my_usart.o
       328          0          0          0          0       2869   myiic.o
        18          0          0          0          0       2776   oled_basic.o
       100         16          0          1       2048       2651   oled_buffer.o
        12          6          0          2          0        731   oled_color.o
        26          6          0          0          0       1030   oled_config.o
       280          6          0          0          0       2076   oled_draw.o
       558         24          0          0          0       6129   oled_driver.o
        24         12       1280          2          0       2083   oled_font.o
        60         22        324          0        512        888   startup_msp432p401r_uvision.o
       140         14          0          0          0        526   sysinit.o
        96         20          0          0          0       5077   system_msp432p401r.o
        40         20          0          0          0        948   tim32.o
       212         20          0          4          0       1400   tima.o
       150         16          0          0          0       1795   tpl0401a.o
        98         16         40          4          0       3406   usart.o

    ----------------------------------------------------------------------
      4946        556       1716         84       4812      64360   Object Totals
         0          0         32          0          0          0   (incl. Generated)
         8          0          0          9          2          0   (incl. Padding)

    ----------------------------------------------------------------------

      Code (inc. data)   RO Data    RW Data    ZI Data      Debug   Library Member Name

        24          4          0          0          0         84   __2printf.o
         8          0          0          0          0         68   __main.o
       392          4         17          0          0         92   __printf_flags_ss_wp.o
        14          0          0          0          0         68   __printf_wp.o
         0          0          0          0          0          0   __rtentry.o
        12          0          0          0          0          0   __rtentry2.o
         6          0          0          0          0          0   __rtentry4.o
        52          8          0          0          0          0   __scatter.o
        26          0          0          0          0          0   __scatter_copy.o
        28          0          0          0          0          0   __scatter_zi.o
        48          6          0          0          0         96   _printf_char_common.o
        36          4          0          0          0         80   _printf_char_file.o
         0          0          0          0          0          0   _printf_percent.o
         4          0          0          0          0          0   _printf_percent_end.o
        16          0          0          0          0         68   aeabi_memset.o
        18          0          0          0          0         80   exit.o
         8          0          0          0          0         68   ferror.o
         6          0          0          0          0        152   heapauxi.o
         2          0          0          0          0          0   libinit.o
         6          0          0          0          0          0   libinit2.o
         2          0          0          0          0          0   libshutdown.o
         2          0          0          0          0          0   libshutdown2.o
         8          4          0          0         96         68   libspace.o
        68          0          0          0          0         68   rt_memclr.o
        78          0          0          0          0         80   rt_memclr_w.o
       100          0          0          0          0         80   rt_memcpy_w.o
         2          0          0          0          0          0   rtexit.o
        10          0          0          0          0          0   rtexit2.o
        74          0          0          0          0         80   sys_stackheap_outer.o
         2          0          0          0          0         68   use_no_semi.o
         2          0          0          0          0         68   use_no_semi_2.o
        10          0          0          0          0        116   fpinit.o
       630         24        128          0          0       8835   adc14.o
        38          0          0          0          0        676   cpu.o
      1064        170          0          8          0      13545   cs.o
       156         32         76          0          0       5271   gpio.o
        50          6        144          0          0       2381   interrupt.o
       120         26          0          0          0       3378   sysctl_a.o
        16          0          0          0          0        725   timer_a.o
       230          0          0          0          0       7332   uart.o

    ----------------------------------------------------------------------
      3386        288        368          8         96      43627   Library Totals
        18          0          3          0          0          0   (incl. Padding)

    ----------------------------------------------------------------------

      Code (inc. data)   RO Data    RW Data    ZI Data      Debug   Library Name

      1054         30         17          0         96       1368   c_w.l
        10          0          0          0          0        116   fz_wm.l
      2304        258        348          8          0      42143   msp432p4xx_driverlib.lib

    ----------------------------------------------------------------------
      3386        288        368          8         96      43627   Library Totals

    ----------------------------------------------------------------------

==============================================================================


      Code (inc. data)   RO Data    RW Data    ZI Data      Debug   

      8332        844       2084         92       4908      97711   Grand Totals
      8332        844       2084         92       4908      97711   ELF Image Totals
      8332        844       2084         92          0          0   ROM Totals

==============================================================================

    Total RO  Size (Code + RO Data)                10416 (  10.17kB)
    Total RW  Size (RW Data + ZI Data)              5000 (   4.88kB)
    Total ROM Size (Code + RO Data + RW Data)      10508 (  10.26kB)

==============================================================================

